<html>
<body>
<pre>
<h1>µVision Build Log</h1>
<h2>Project:</h2>
C:\Users\mano\Documents\GitHub\OS\Code\SE350.uvproj
Project File Date:  01/14/2013

<h2>Output:</h2>
Build target 'SE 350'
assembling startup_LPC17xx.s...
compiling system_LPC17xx.c...
compiling uart_polling.c...
linking...
SE350.axf: Error: L6218E: Undefined symbol main (referred from rtentry2.o).
Target not created
Build target 'SE 350'
linking...
SE350.axf: Error: L6218E: Undefined symbol main (referred from rtentry2.o).
Target not created
Build target 'SE 350'
linking...
SE350.axf: Error: L6218E: Undefined symbol main (referred from rtentry2.o).
Target not created
Build target 'SE 350'
linking...
SE350.axf: Error: L6218E: Undefined symbol main (referred from rtentry2.o).
Target not created
Build target 'SE 350'
compiling main.c...
linking...
Program Size: Code=1136 RO-data=236 RW-data=4 ZI-data=612  
"SE350.axf" - 0 Error(s), 0 Warning(s).
Load "C:\\Users\\mano\\Documents\\GitHub\\OS\\Code\\SE350.AXF" 
Internal DLL Error
