<html>
<body>
<pre>
<h1>µVision Build Log</h1>
<h2>Project:</h2>
C:\Users\mano\Documents\GitHub\OS\Code\SE350.uvproj
Project File Date:  01/14/2013

<h2>Output:</h2>
Build target 'SE 350'
compiling main.c...
main.c(8): warning:  #223-D: function "request_memory_block" declared implicitly
compiling memory.c...
memory.c(8): warning:  #223-D: function "printf" declared implicitly
memory.c(14): warning:  #1-D: last line of file ends without a newline
compiling process.c...
linking...
SE350.axf: Error: L6218E: Undefined symbol request_memory_block (referred from main.o).
Target not created
Build target 'SE 350'
compiling main.c...
memory.h(14): warning:  #1-D: last line of file ends without a newline
linking...
Program Size: Code=4110 RO-data=290 RW-data=16 ZI-data=864  
"SE350.axf" - 0 Error(s), 1 Warning(s).
Build target 'SE 350'
compiling main.c...
compiling memory.c...
memory.c(8): warning:  #223-D: function "printf" declared implicitly
compiling process.c...
linking...
Program Size: Code=4110 RO-data=290 RW-data=16 ZI-data=864  
"SE350.axf" - 0 Error(s), 1 Warning(s).
Build target 'SE 350'
linking...
Program Size: Code=4110 RO-data=290 RW-data=16 ZI-data=864  
"SE350.axf" - 0 Error(s), 0 Warning(s).
Build target 'SE 350'
compiling memory.c...
memory.c(6): warning:  #177-D: variable "free_mem" was declared but never referenced
linking...
Program Size: Code=912 RO-data=396 RW-data=4 ZI-data=612  
"SE350.axf" - 0 Error(s), 1 Warning(s).
Build target 'SE 350'
linking...
Program Size: Code=912 RO-data=396 RW-data=4 ZI-data=612  
"SE350.axf" - 0 Error(s), 0 Warning(s).
Build target 'SE 350'
linking...
Program Size: Code=912 RO-data=396 RW-data=4 ZI-data=612  
"SE350.axf" - 0 Error(s), 0 Warning(s).
Rebuild target 'SE 350'
assembling startup_LPC17xx.s...
compiling system_LPC17xx.c...
compiling uart_polling.c...
compiling main.c...
compiling memory.c...
memory.c(6): warning:  #177-D: variable "free_mem" was declared but never referenced
compiling process.c...
linking...
Program Size: Code=912 RO-data=396 RW-data=4 ZI-data=612  
"SE350.axf" - 0 Error(s), 1 Warning(s).
Rebuild target 'SE 350'
assembling startup_LPC17xx.s...
compiling system_LPC17xx.c...
compiling uart_polling.c...
compiling main.c...
compiling memory.c...
memory.c(7): warning:  #177-D: variable "free_mem" was declared but never referenced
compiling process.c...
linking...
Program Size: Code=912 RO-data=396 RW-data=4 ZI-data=612  
"SE350.axf" - 0 Error(s), 1 Warning(s).
Build target 'SE 350'
linking...
Program Size: Code=912 RO-data=396 RW-data=4 ZI-data=612  
"SE350.axf" - 0 Error(s), 0 Warning(s).
Rebuild target 'SE 350'
assembling startup_LPC17xx.s...
compiling system_LPC17xx.c...
compiling uart_polling.c...
compiling main.c...
compiling memory.c...
memory.c(7): warning:  #177-D: variable "free_mem" was declared but never referenced
compiling process.c...
linking...
Program Size: Code=912 RO-data=396 RW-data=4 ZI-data=612  
"SE350.axf" - 0 Error(s), 1 Warning(s).
Build target 'SE 350'
compiling main.c...
main.c(14): error:  #20: identifier "retval" is undefined
compiling memory.c...
memory.c(7): warning:  #177-D: variable "free_mem" was declared but never referenced
Target not created
Build target 'SE 350'
compiling main.c...
main.c(14): error:  #513: a value of type "void *" cannot be assigned to an entity of type "unsigned int"
Target not created
Build target 'SE 350'
compiling main.c...
linking...
Program Size: Code=936 RO-data=372 RW-data=8 ZI-data=608  
"SE350.axf" - 0 Error(s), 0 Warning(s).
Build target 'SE 350'
linking...
Program Size: Code=936 RO-data=372 RW-data=8 ZI-data=608  
"SE350.axf" - 0 Error(s), 0 Warning(s).
Build target 'SE 350'
linking...
Program Size: Code=936 RO-data=372 RW-data=8 ZI-data=608  
"SE350.axf" - 0 Error(s), 0 Warning(s).
Build target 'SE 350'
compiling main.c...
compiling memory.c...
memory.c(7): warning:  #177-D: variable "free_mem" was declared but never referenced
compiling process.c...
linking...
SE350.axf: Warning: L6330W: Undefined symbol $Image$$RW_IRAM1$$ZI$$Limit (referred from memory.o). Unused section has been removed.
Program Size: Code=936 RO-data=372 RW-data=8 ZI-data=608  
"SE350.axf" - 0 Error(s), 2 Warning(s).
Build target 'SE 350'
compiling memory.c...
memory.c(7): warning:  #177-D: variable "free_mem" was declared but never referenced
linking...
Program Size: Code=936 RO-data=372 RW-data=8 ZI-data=608  
"SE350.axf" - 0 Error(s), 1 Warning(s).
Build target 'SE 350'
compiling main.c...
compiling memory.c...
memory.c(7): warning:  #177-D: variable "free_mem" was declared but never referenced
compiling process.c...
linking...
Program Size: Code=936 RO-data=372 RW-data=8 ZI-data=608  
"SE350.axf" - 0 Error(s), 1 Warning(s).
