ARM Linker, 5.02 [Build 28] [MDK-ARM Lite]

==============================================================================

Section Cross References

    startup_lpc17xx.o(STACK) refers (Special) to heapauxi.o(.text) for __use_two_region_memory
    startup_lpc17xx.o(HEAP) refers (Special) to heapauxi.o(.text) for __use_two_region_memory
    startup_lpc17xx.o(RESET) refers (Special) to heapauxi.o(.text) for __use_two_region_memory
    startup_lpc17xx.o(RESET) refers to startup_lpc17xx.o(STACK) for __initial_sp
    startup_lpc17xx.o(RESET) refers to startup_lpc17xx.o(.text) for Reset_Handler
    startup_lpc17xx.o(RESET) refers to hal.o(.emb_text) for SVC_Handler
    startup_lpc17xx.o(RESET) refers to timer.o(.emb_text) for TIMER0_IRQHandler
    startup_lpc17xx.o(RESET) refers to uart_i_process.o(.emb_text) for UART0_IRQHandler
    startup_lpc17xx.o(.ARM.__at_0x02FC) refers (Special) to heapauxi.o(.text) for __use_two_region_memory
    startup_lpc17xx.o(.text) refers (Special) to heapauxi.o(.text) for __use_two_region_memory
    startup_lpc17xx.o(.text) refers to system_lpc17xx.o(.text) for SystemInit
    startup_lpc17xx.o(.text) refers to __main.o(!!!main) for __main
    startup_lpc17xx.o(.text) refers to startup_lpc17xx.o(HEAP) for Heap_Mem
    startup_lpc17xx.o(.text) refers to startup_lpc17xx.o(STACK) for Stack_Mem
    system_lpc17xx.o(.text) refers to system_lpc17xx.o(.data) for SystemFrequency
    main.o(.text) refers to memory.o(.text) for memory_init
    main.o(.text) refers to process.o(.text) for process_init
    main.o(.text) refers to message.o(.text) for message_init
    main.o(.text) refers to keyboard.o(.text) for keyboard_init
    main.o(.text) refers to crt_display.o(.text) for crt_init
    main.o(.text) refers to uart_i_process.o(.text) for i_uart_init
    main.o(.text) refers to timer.o(.text) for timer_init
    main.o(.text) refers to wall_clock.o(.text) for wall_clock_init
    main.o(.text) refers to system_lpc17xx.o(.text) for SystemInit
    memory.o(.text) refers to pq.o(.text) for insert_pq
    memory.o(.text) refers to process.o(.text) for k_release_processor
    memory.o(.text) refers to memory.o(.data) for MEMORY_SIZE
    memory.o(.text) refers to process.o(.data) for current_process
    memory.o(.text) refers to memory.o(.bss) for mem_pq
    process.o(.text) refers to pq.o(.text) for insert_pq
    process.o(.text) refers to usr_proc.o(.text) for __initialize_processes
    process.o(.text) refers to hal.o(.emb_text) for __rte
    process.o(.text) refers to process.o(.bss) for p_pq
    process.o(.text) refers to usr_proc.o(.bss) for pcb_list
    process.o(.text) refers to timer.o(.data) for timer_pcb
    process.o(.text) refers to crt_display.o(.data) for crt_pcb
    process.o(.text) refers to wall_clock.o(.data) for wall_clock_pcb
    process.o(.text) refers to keyboard.o(.data) for keyboard_pcb
    process.o(.text) refers to process.o(.data) for current_process
    retarget.o(.text) refers (Special) to use_no_semi.o(.text) for __use_no_semihosting_swi
    retarget.o(.text) refers to uart_polling.o(.text) for uart_put_char
    retarget.o(.data) refers (Special) to use_no_semi.o(.text) for __use_no_semihosting_swi
    usr_proc.o(.text) refers to rt_memcpy_w.o(.text) for __aeabi_memcpy4
    usr_proc.o(.text) refers to memory.o(.text) for k_request_memory_block
    usr_proc.o(.text) refers to crt_display.o(.text) for crt_print
    usr_proc.o(.text) refers to usr_proc.o(.constdata) for .constdata
    usr_proc.o(.text) refers to usr_proc.o(.bss) for pcb_list
    usr_proc.o(.text) refers to process.o(.text) for k_release_processor
    usr_proc.o(.text) refers to usr_proc.o(.data) for TEST1
    usr_proc.o(.text) refers to message.o(.text) for k_send_message
    usr_proc.o(.text) refers to pq.o(.text) for dequeue_q
    usr_proc.o(.constdata) refers to usr_proc.o(.text) for null_process
    message.o(.text) refers to semaphore.o(.text) for semInit
    message.o(.text) refers to process.o(.text) for k_get_interrupt_state
    message.o(.text) refers to pq.o(.text) for dequeue_q
    message.o(.text) refers to timer.o(.text) for get_current_time
    message.o(.text) refers to message.o(.data) for send
    message.o(.text) refers to process.o(.data) for current_process
    message.o(.text) refers to message.o(.bss) for msg_pq
    semaphore.o(.text) refers to process.o(.text) for remove_process_pq
    semaphore.o(.text) refers to pq.o(.text) for enqueue_q
    semaphore.o(.text) refers to process.o(.data) for current_process
    crt_display.o(.text) refers to memory.o(.text) for k_request_memory_block
    crt_display.o(.text) refers to process.o(.text) for insert_process_pq
    crt_display.o(.text) refers to uart_i_process.o(.text) for uart_i_process
    crt_display.o(.text) refers to crt_display.o(.data) for hotkey_data
    crt_display.o(.text) refers to usr_proc.o(.bss) for pcb_list
    crt_display.o(.text) refers to crt_display.o(.bss) for buffer
    crt_display.o(.text) refers to message.o(.text) for k_send_message
    uart_i_process.o(.emb_text) refers to uart_i_process.o(.text) for c_UART0_IRQHandler
    uart_i_process.o(.text) refers to memory.o(.text) for k_request_memory_block
    uart_i_process.o(.text) refers to process.o(.text) for k_get_interrupt_state
    uart_i_process.o(.text) refers to message.o(.text) for k_send_message
    uart_i_process.o(.text) refers to keyboard.o(.text) for keyboard_proc
    uart_i_process.o(.text) refers to uart_i_process.o(.data) for hotkey_msg
    uart_i_process.o(.text) refers to process.o(.data) for current_process
    uart_i_process.o(.text) refers to crt_display.o(.data) for hotkey_pcb
    uart_i_process.o(.text) refers to keyboard.o(.data) for keyboard_pcb
    uart_i_process.o(.text) refers to uart_i_process.o(.bss) for g_UART0_buffer
    keyboard.o(.text) refers to memory.o(.text) for k_request_memory_block
    keyboard.o(.text) refers to message.o(.text) for k_get_message
    keyboard.o(.text) refers to process.o(.text) for k_set_process_priority
    keyboard.o(.text) refers to keyboard.o(.bss) for KEYBOARD_INPUT_BUFFER
    keyboard.o(.text) refers to keyboard.o(.data) for keyboard_pcb
    timer.o(.emb_text) refers to timer.o(.text) for c_TIMER0_IRQHandler
    timer.o(.text) refers to message.o(.text) for k_get_message
    timer.o(.text) refers to pq.o(.text) for enqueue_q
    timer.o(.text) refers to process.o(.text) for lookup_pid
    timer.o(.text) refers to memory.o(.text) for k_request_memory_block
    timer.o(.text) refers to timer.o(.data) for g_timer_count
    timer.o(.text) refers to timer.o(.bss) for timer_process
    timer.o(.text) refers to process.o(.data) for current_process
    wall_clock.o(.text) refers to timer.o(.text) for get_current_time
    wall_clock.o(.text) refers to crt_display.o(.text) for crt_print
    wall_clock.o(.text) refers to memory.o(.text) for k_request_memory_block
    wall_clock.o(.text) refers to process.o(.text) for insert_process_pq
    wall_clock.o(.text) refers to message.o(.text) for k_send_message
    wall_clock.o(.text) refers to wall_clock.o(.data) for WALL_CLOCK_START_TIMER
    wall_clock.o(.text) refers to wall_clock.o(.bss) for CURR_TIME_BUFFER
    wall_clock.o(.text) refers to keyboard.o(.data) for WALL_CLOCK_RUNNING
    wall_clock.o(.text) refers to process.o(.data) for current_process
    __main.o(!!!main) refers to rtentry.o(.ARM.Collect$$rtentry$$00000000) for __rt_entry
    rtentry.o(.ARM.Collect$$rtentry$$00000000) refers (Special) to rtentry2.o(.ARM.Collect$$rtentry$$0000000A) for __rt_entry_li
    rtentry.o(.ARM.Collect$$rtentry$$00000000) refers (Special) to rtentry2.o(.ARM.Collect$$rtentry$$0000000D) for __rt_entry_main
    rtentry.o(.ARM.Collect$$rtentry$$00000000) refers (Special) to rtentry2.o(.ARM.Collect$$rtentry$$0000000C) for __rt_entry_postli_1
    rtentry.o(.ARM.Collect$$rtentry$$00000000) refers (Special) to rtentry2.o(.ARM.Collect$$rtentry$$00000009) for __rt_entry_postsh_1
    rtentry.o(.ARM.Collect$$rtentry$$00000000) refers (Special) to rtentry2.o(.ARM.Collect$$rtentry$$00000002) for __rt_entry_presh_1
    rtentry.o(.ARM.Collect$$rtentry$$00000000) refers (Special) to rtentry4.o(.ARM.Collect$$rtentry$$00000004) for __rt_entry_sh
    rtentry2.o(.ARM.Collect$$rtentry$$00000008) refers to boardinit2.o(.text) for _platform_post_stackheap_init
    rtentry2.o(.ARM.Collect$$rtentry$$0000000A) refers to libinit.o(.ARM.Collect$$libinit$$00000000) for __rt_lib_init
    rtentry2.o(.ARM.Collect$$rtentry$$0000000B) refers to boardinit3.o(.text) for _platform_post_lib_init
    rtentry2.o(.ARM.Collect$$rtentry$$0000000D) refers to main.o(.text) for main
    rtentry2.o(.ARM.Collect$$rtentry$$0000000D) refers to exit.o(.text) for exit
    rtentry2.o(.ARM.exidx) refers to rtentry2.o(.ARM.Collect$$rtentry$$00000001) for .ARM.Collect$$rtentry$$00000001
    rtentry2.o(.ARM.exidx) refers to rtentry2.o(.ARM.Collect$$rtentry$$00000008) for .ARM.Collect$$rtentry$$00000008
    rtentry2.o(.ARM.exidx) refers to rtentry2.o(.ARM.Collect$$rtentry$$0000000A) for .ARM.Collect$$rtentry$$0000000A
    rtentry2.o(.ARM.exidx) refers to rtentry2.o(.ARM.Collect$$rtentry$$0000000B) for .ARM.Collect$$rtentry$$0000000B
    rtentry2.o(.ARM.exidx) refers to rtentry2.o(.ARM.Collect$$rtentry$$0000000D) for .ARM.Collect$$rtentry$$0000000D
    rtentry4.o(.ARM.Collect$$rtentry$$00000004) refers to sys_stackheap_outer.o(.text) for __user_setup_stackheap
    rtentry4.o(.ARM.exidx) refers to rtentry4.o(.ARM.Collect$$rtentry$$00000004) for .ARM.Collect$$rtentry$$00000004
    sys_stackheap_outer.o(.text) refers to libspace.o(.text) for __user_perproc_libspace
    sys_stackheap_outer.o(.text) refers to startup_lpc17xx.o(.text) for __user_initial_stackheap
    exit.o(.text) refers to rtexit.o(.ARM.Collect$$rtexit$$00000000) for __rt_exit
    libinit.o(.ARM.Collect$$libinit$$00000000) refers (Special) to libinit2.o(.ARM.Collect$$libinit$$0000002C) for __rt_lib_init_alloca_1
    libinit.o(.ARM.Collect$$libinit$$00000000) refers (Special) to libinit2.o(.ARM.Collect$$libinit$$0000002A) for __rt_lib_init_argv_1
    libinit.o(.ARM.Collect$$libinit$$00000000) refers (Special) to libinit2.o(.ARM.Collect$$libinit$$00000019) for __rt_lib_init_atexit_1
    libinit.o(.ARM.Collect$$libinit$$00000000) refers (Special) to libinit2.o(.ARM.Collect$$libinit$$0000001F) for __rt_lib_init_clock_1
    libinit.o(.ARM.Collect$$libinit$$00000000) refers (Special) to libinit2.o(.ARM.Collect$$libinit$$00000030) for __rt_lib_init_cpp_1
    libinit.o(.ARM.Collect$$libinit$$00000000) refers (Special) to libinit2.o(.ARM.Collect$$libinit$$0000002E) for __rt_lib_init_exceptions_1
    libinit.o(.ARM.Collect$$libinit$$00000000) refers (Special) to libinit2.o(.ARM.Collect$$libinit$$00000002) for __rt_lib_init_fp_1
    libinit.o(.ARM.Collect$$libinit$$00000000) refers (Special) to libinit2.o(.ARM.Collect$$libinit$$0000001D) for __rt_lib_init_fp_trap_1
    libinit.o(.ARM.Collect$$libinit$$00000000) refers (Special) to libinit2.o(.ARM.Collect$$libinit$$00000021) for __rt_lib_init_getenv_1
    libinit.o(.ARM.Collect$$libinit$$00000000) refers (Special) to libinit2.o(.ARM.Collect$$libinit$$00000008) for __rt_lib_init_heap_1
    libinit.o(.ARM.Collect$$libinit$$00000000) refers (Special) to libinit2.o(.ARM.Collect$$libinit$$0000000F) for __rt_lib_init_lc_collate_1
    libinit.o(.ARM.Collect$$libinit$$00000000) refers (Special) to libinit2.o(.ARM.Collect$$libinit$$00000011) for __rt_lib_init_lc_ctype_1
    libinit.o(.ARM.Collect$$libinit$$00000000) refers (Special) to libinit2.o(.ARM.Collect$$libinit$$00000013) for __rt_lib_init_lc_monetary_1
    libinit.o(.ARM.Collect$$libinit$$00000000) refers (Special) to libinit2.o(.ARM.Collect$$libinit$$00000015) for __rt_lib_init_lc_numeric_1
    libinit.o(.ARM.Collect$$libinit$$00000000) refers (Special) to libinit2.o(.ARM.Collect$$libinit$$00000017) for __rt_lib_init_lc_time_1
    libinit.o(.ARM.Collect$$libinit$$00000000) refers (Special) to libinit2.o(.ARM.Collect$$libinit$$0000000C) for __rt_lib_init_rand_1
    libinit.o(.ARM.Collect$$libinit$$00000000) refers (Special) to libinit2.o(.ARM.Collect$$libinit$$00000031) for __rt_lib_init_return
    libinit.o(.ARM.Collect$$libinit$$00000000) refers (Special) to libinit2.o(.ARM.Collect$$libinit$$0000001B) for __rt_lib_init_signal_1
    libinit.o(.ARM.Collect$$libinit$$00000000) refers (Special) to libinit2.o(.ARM.Collect$$libinit$$00000023) for __rt_lib_init_stdio_1
    libinit.o(.ARM.Collect$$libinit$$00000000) refers (Special) to libinit2.o(.ARM.Collect$$libinit$$0000000A) for __rt_lib_init_user_alloc_1
    libspace.o(.text) refers to libspace.o(.bss) for __libspace_start
    rtexit.o(.ARM.Collect$$rtexit$$00000000) refers (Special) to rtexit2.o(.ARM.Collect$$rtexit$$00000004) for __rt_exit_exit
    rtexit.o(.ARM.Collect$$rtexit$$00000000) refers (Special) to rtexit2.o(.ARM.Collect$$rtexit$$00000003) for __rt_exit_ls
    rtexit.o(.ARM.Collect$$rtexit$$00000000) refers (Special) to rtexit2.o(.ARM.Collect$$rtexit$$00000002) for __rt_exit_prels_1
    rtexit.o(.ARM.exidx) refers (Special) to rtexit2.o(.ARM.Collect$$rtexit$$00000004) for __rt_exit_exit
    rtexit.o(.ARM.exidx) refers (Special) to rtexit2.o(.ARM.Collect$$rtexit$$00000003) for __rt_exit_ls
    rtexit.o(.ARM.exidx) refers (Special) to rtexit2.o(.ARM.Collect$$rtexit$$00000002) for __rt_exit_prels_1
    rtexit.o(.ARM.exidx) refers to rtexit.o(.ARM.Collect$$rtexit$$00000000) for .ARM.Collect$$rtexit$$00000000
    libinit2.o(.ARM.Collect$$libinit$$0000000E) refers to libinit2.o(.ARM.Collect$$libinit$$0000000D) for .ARM.Collect$$libinit$$0000000D
    libinit2.o(.ARM.Collect$$libinit$$00000010) refers to libinit2.o(.ARM.Collect$$libinit$$0000000D) for .ARM.Collect$$libinit$$0000000D
    libinit2.o(.ARM.Collect$$libinit$$00000012) refers to libinit2.o(.ARM.Collect$$libinit$$0000000D) for .ARM.Collect$$libinit$$0000000D
    libinit2.o(.ARM.Collect$$libinit$$00000014) refers to libinit2.o(.ARM.Collect$$libinit$$0000000D) for .ARM.Collect$$libinit$$0000000D
    libinit2.o(.ARM.Collect$$libinit$$00000016) refers to libinit2.o(.ARM.Collect$$libinit$$0000000D) for .ARM.Collect$$libinit$$0000000D
    libinit2.o(.ARM.Collect$$libinit$$00000024) refers to argv_veneer.o(.emb_text) for __ARM_argv_veneer
    libinit2.o(.ARM.Collect$$libinit$$00000025) refers to argv_veneer.o(.emb_text) for __ARM_argv_veneer
    rtexit2.o(.ARM.Collect$$rtexit$$00000003) refers to libshutdown.o(.ARM.Collect$$libshutdown$$00000000) for __rt_lib_shutdown
    rtexit2.o(.ARM.Collect$$rtexit$$00000004) refers to retarget.o(.text) for _sys_exit
    rtexit2.o(.ARM.exidx) refers to rtexit2.o(.ARM.Collect$$rtexit$$00000001) for .ARM.Collect$$rtexit$$00000001
    rtexit2.o(.ARM.exidx) refers to rtexit2.o(.ARM.Collect$$rtexit$$00000003) for .ARM.Collect$$rtexit$$00000003
    rtexit2.o(.ARM.exidx) refers to rtexit2.o(.ARM.Collect$$rtexit$$00000004) for .ARM.Collect$$rtexit$$00000004
    argv_veneer.o(.emb_text) refers to no_argv.o(.text) for __ARM_get_argv
    _get_argv_nomalloc.o(.text) refers (Special) to hrguard.o(.text) for __heap_region$guard
    _get_argv_nomalloc.o(.text) refers to defsig_rtmem_outer.o(.text) for __rt_SIGRTMEM
    _get_argv_nomalloc.o(.text) refers to sys_command.o(.text) for _sys_command_string
    libshutdown.o(.ARM.Collect$$libshutdown$$00000000) refers (Special) to libshutdown2.o(.ARM.Collect$$libshutdown$$00000006) for __rt_lib_shutdown_fp_trap_1
    libshutdown.o(.ARM.Collect$$libshutdown$$00000000) refers (Special) to libshutdown2.o(.ARM.Collect$$libshutdown$$0000000E) for __rt_lib_shutdown_heap_1
    libshutdown.o(.ARM.Collect$$libshutdown$$00000000) refers (Special) to libshutdown2.o(.ARM.Collect$$libshutdown$$0000000F) for __rt_lib_shutdown_return
    libshutdown.o(.ARM.Collect$$libshutdown$$00000000) refers (Special) to libshutdown2.o(.ARM.Collect$$libshutdown$$00000009) for __rt_lib_shutdown_signal_1
    libshutdown.o(.ARM.Collect$$libshutdown$$00000000) refers (Special) to libshutdown2.o(.ARM.Collect$$libshutdown$$00000003) for __rt_lib_shutdown_stdio_1
    libshutdown.o(.ARM.Collect$$libshutdown$$00000000) refers (Special) to libshutdown2.o(.ARM.Collect$$libshutdown$$0000000B) for __rt_lib_shutdown_user_alloc_1
    sys_command.o(.text) refers (Special) to use_no_semi.o(.text) for __I$use$semihosting
    sys_command.o(.text) refers (Special) to indicate_semi.o(.text) for __semihosting_library_function
    defsig_rtmem_outer.o(.text) refers to defsig_rtmem_inner.o(.text) for __rt_SIGRTMEM_inner
    defsig_rtmem_outer.o(.text) refers to defsig_exit.o(.text) for __sig_exit
    defsig_rtmem_formal.o(.text) refers to rt_raise.o(.text) for __rt_raise
    rt_raise.o(.text) refers to __raise.o(.text) for __raise
    rt_raise.o(.text) refers to retarget.o(.text) for _sys_exit
    defsig_exit.o(.text) refers to retarget.o(.text) for _sys_exit
    defsig_rtmem_inner.o(.text) refers to defsig_general.o(.text) for __default_signal_display
    __raise.o(.text) refers to defsig.o(CL$$defsig) for __default_signal_handler
    defsig_general.o(.text) refers to retarget.o(.text) for _ttywrch
    defsig.o(CL$$defsig) refers to defsig_rtmem_inner.o(.text) for __rt_SIGRTMEM_inner
    defsig_abrt_inner.o(.text) refers to defsig_general.o(.text) for __default_signal_display
    defsig_fpe_inner.o(.text) refers to defsig_general.o(.text) for __default_signal_display
    defsig_rtred_inner.o(.text) refers to defsig_general.o(.text) for __default_signal_display
    defsig_stak_inner.o(.text) refers to defsig_general.o(.text) for __default_signal_display
    defsig_pvfn_inner.o(.text) refers to defsig_general.o(.text) for __default_signal_display
    defsig_cppl_inner.o(.text) refers to defsig_general.o(.text) for __default_signal_display
    defsig_segv_inner.o(.text) refers to defsig_general.o(.text) for __default_signal_display
    defsig_other.o(.text) refers to defsig_general.o(.text) for __default_signal_display


==============================================================================

Removing Unused input sections from the image.

    Removing system_lpc17xx.o(.rev16_text), (4 bytes).
    Removing system_lpc17xx.o(.revsh_text), (4 bytes).
    Removing uart_polling.o(.rev16_text), (4 bytes).
    Removing uart_polling.o(.revsh_text), (4 bytes).
    Removing main.o(.rev16_text), (4 bytes).
    Removing main.o(.revsh_text), (4 bytes).
    Removing memory.o(.rev16_text), (4 bytes).
    Removing memory.o(.revsh_text), (4 bytes).
    Removing process.o(.rev16_text), (4 bytes).
    Removing process.o(.revsh_text), (4 bytes).
    Removing retarget.o(.data), (8 bytes).
    Removing usr_proc.o(.rev16_text), (4 bytes).
    Removing usr_proc.o(.revsh_text), (4 bytes).
    Removing pq.o(.rev16_text), (4 bytes).
    Removing pq.o(.revsh_text), (4 bytes).
    Removing message.o(.rev16_text), (4 bytes).
    Removing message.o(.revsh_text), (4 bytes).
    Removing semaphore.o(.rev16_text), (4 bytes).
    Removing semaphore.o(.revsh_text), (4 bytes).
    Removing crt_display.o(.rev16_text), (4 bytes).
    Removing crt_display.o(.revsh_text), (4 bytes).
    Removing uart_i_process.o(.rev16_text), (4 bytes).
    Removing uart_i_process.o(.revsh_text), (4 bytes).
    Removing keyboard.o(.rev16_text), (4 bytes).
    Removing keyboard.o(.revsh_text), (4 bytes).
    Removing timer.o(.rev16_text), (4 bytes).
    Removing timer.o(.revsh_text), (4 bytes).
    Removing wall_clock.o(.rev16_text), (4 bytes).
    Removing wall_clock.o(.revsh_text), (4 bytes).

29 unused section(s) (total 120 bytes) removed from the image.

==============================================================================

Image Symbol Table

    Local Symbols

    Symbol Name                              Value     Ov Type        Size  Object(Section)

    RESET                                    0x00000000   Section      204  startup_lpc17xx.o(RESET)
    ../clib/angel/boardlib.s                 0x00000000   Number         0  boardinit1.o ABSOLUTE
    ../clib/angel/boardlib.s                 0x00000000   Number         0  boardinit3.o ABSOLUTE
    ../clib/angel/boardlib.s                 0x00000000   Number         0  boardinit2.o ABSOLUTE
    ../clib/angel/boardlib.s                 0x00000000   Number         0  boardshut.o ABSOLUTE
    ../clib/angel/handlers.s                 0x00000000   Number         0  __scatter_copy.o ABSOLUTE
    ../clib/angel/handlers.s                 0x00000000   Number         0  __scatter_zi.o ABSOLUTE
    ../clib/angel/kernel.s                   0x00000000   Number         0  rtentry2.o ABSOLUTE
    ../clib/angel/kernel.s                   0x00000000   Number         0  rtentry4.o ABSOLUTE
    ../clib/angel/kernel.s                   0x00000000   Number         0  rtexit.o ABSOLUTE
    ../clib/angel/kernel.s                   0x00000000   Number         0  rtentry.o ABSOLUTE
    ../clib/angel/kernel.s                   0x00000000   Number         0  rtexit2.o ABSOLUTE
    ../clib/angel/rt.s                       0x00000000   Number         0  rt_raise.o ABSOLUTE
    ../clib/angel/scatter.s                  0x00000000   Number         0  __scatter.o ABSOLUTE
    ../clib/angel/startup.s                  0x00000000   Number         0  __main.o ABSOLUTE
    ../clib/angel/sys.s                      0x00000000   Number         0  indicate_semi.o ABSOLUTE
    ../clib/angel/sys.s                      0x00000000   Number         0  libspace.o ABSOLUTE
    ../clib/angel/sys.s                      0x00000000   Number         0  sys_stackheap_outer.o ABSOLUTE
    ../clib/angel/sys.s                      0x00000000   Number         0  use_no_semi.o ABSOLUTE
    ../clib/angel/sysapp.c                   0x00000000   Number         0  sys_command.o ABSOLUTE
    ../clib/armsys.c                         0x00000000   Number         0  _get_argv_nomalloc.o ABSOLUTE
    ../clib/armsys.c                         0x00000000   Number         0  no_argv.o ABSOLUTE
    ../clib/armsys.c                         0x00000000   Number         0  argv_veneer.o ABSOLUTE
    ../clib/armsys.c                         0x00000000   Number         0  argv_veneer.o ABSOLUTE
    ../clib/heapalloc.c                      0x00000000   Number         0  hrguard.o ABSOLUTE
    ../clib/heapaux.c                        0x00000000   Number         0  heapauxi.o ABSOLUTE
    ../clib/libinit.s                        0x00000000   Number         0  libshutdown2.o ABSOLUTE
    ../clib/libinit.s                        0x00000000   Number         0  libshutdown.o ABSOLUTE
    ../clib/libinit.s                        0x00000000   Number         0  libinit.o ABSOLUTE
    ../clib/libinit.s                        0x00000000   Number         0  libinit2.o ABSOLUTE
    ../clib/memcpset.s                       0x00000000   Number         0  rt_memcpy_w.o ABSOLUTE
    ../clib/signal.c                         0x00000000   Number         0  defsig_general.o ABSOLUTE
    ../clib/signal.c                         0x00000000   Number         0  __raise.o ABSOLUTE
    ../clib/signal.c                         0x00000000   Number         0  defsig_rtmem_inner.o ABSOLUTE
    ../clib/signal.c                         0x00000000   Number         0  defsig_exit.o ABSOLUTE
    ../clib/signal.c                         0x00000000   Number         0  defsig_rtmem_formal.o ABSOLUTE
    ../clib/signal.c                         0x00000000   Number         0  defsig_rtmem_outer.o ABSOLUTE
    ../clib/signal.c                         0x00000000   Number         0  defsig_rtred_inner.o ABSOLUTE
    ../clib/signal.c                         0x00000000   Number         0  defsig_abrt_inner.o ABSOLUTE
    ../clib/signal.c                         0x00000000   Number         0  defsig_fpe_inner.o ABSOLUTE
    ../clib/signal.c                         0x00000000   Number         0  defsig_stak_inner.o ABSOLUTE
    ../clib/signal.c                         0x00000000   Number         0  defsig_cppl_inner.o ABSOLUTE
    ../clib/signal.c                         0x00000000   Number         0  defsig_segv_inner.o ABSOLUTE
    ../clib/signal.c                         0x00000000   Number         0  defsig_other.o ABSOLUTE
    ../clib/signal.c                         0x00000000   Number         0  defsig_pvfn_inner.o ABSOLUTE
    ../clib/signal.s                         0x00000000   Number         0  defsig.o ABSOLUTE
    ../clib/stdlib.c                         0x00000000   Number         0  exit.o ABSOLUTE
    ../fplib/fpinit.s                        0x00000000   Number         0  fpinit.o ABSOLUTE
    HAL.c                                    0x00000000   Number         0  hal.o ABSOLUTE
    HAL.c                                    0x00000000   Number         0  hal.o ABSOLUTE
    Retarget.c                               0x00000000   Number         0  retarget.o ABSOLUTE
    crt_display.c                            0x00000000   Number         0  crt_display.o ABSOLUTE
    crt_display.c                            0x00000000   Number         0  crt_display.o ABSOLUTE
    dc.s                                     0x00000000   Number         0  dc.o ABSOLUTE
    keyboard.c                               0x00000000   Number         0  keyboard.o ABSOLUTE
    keyboard.c                               0x00000000   Number         0  keyboard.o ABSOLUTE
    main.c                                   0x00000000   Number         0  main.o ABSOLUTE
    main.c                                   0x00000000   Number         0  main.o ABSOLUTE
    memory.c                                 0x00000000   Number         0  memory.o ABSOLUTE
    memory.c                                 0x00000000   Number         0  memory.o ABSOLUTE
    message.c                                0x00000000   Number         0  message.o ABSOLUTE
    message.c                                0x00000000   Number         0  message.o ABSOLUTE
    pq.c                                     0x00000000   Number         0  pq.o ABSOLUTE
    pq.c                                     0x00000000   Number         0  pq.o ABSOLUTE
    process.c                                0x00000000   Number         0  process.o ABSOLUTE
    process.c                                0x00000000   Number         0  process.o ABSOLUTE
    semaphore.c                              0x00000000   Number         0  semaphore.o ABSOLUTE
    semaphore.c                              0x00000000   Number         0  semaphore.o ABSOLUTE
    startup_LPC17xx.s                        0x00000000   Number         0  startup_lpc17xx.o ABSOLUTE
    system_LPC17xx.c                         0x00000000   Number         0  system_lpc17xx.o ABSOLUTE
    system_LPC17xx.c                         0x00000000   Number         0  system_lpc17xx.o ABSOLUTE
    timer.c                                  0x00000000   Number         0  timer.o ABSOLUTE
    timer.c                                  0x00000000   Number         0  timer.o ABSOLUTE
    uart_i_process.c                         0x00000000   Number         0  uart_i_process.o ABSOLUTE
    uart_i_process.c                         0x00000000   Number         0  uart_i_process.o ABSOLUTE
    uart_polling.c                           0x00000000   Number         0  uart_polling.o ABSOLUTE
    uart_polling.c                           0x00000000   Number         0  uart_polling.o ABSOLUTE
    usr_proc.c                               0x00000000   Number         0  usr_proc.o ABSOLUTE
    usr_proc.c                               0x00000000   Number         0  usr_proc.o ABSOLUTE
    wall_clock.c                             0x00000000   Number         0  wall_clock.o ABSOLUTE
    wall_clock.c                             0x00000000   Number         0  wall_clock.o ABSOLUTE
    !!!main                                  0x000000cc   Section        8  __main.o(!!!main)
    !!!scatter                               0x000000d4   Section       52  __scatter.o(!!!scatter)
    !!handler_copy                           0x00000108   Section       26  __scatter_copy.o(!!handler_copy)
    !!handler_zi                             0x00000124   Section       28  __scatter_zi.o(!!handler_zi)
    .ARM.Collect$$libinit$$00000000          0x00000140   Section        2  libinit.o(.ARM.Collect$$libinit$$00000000)
    .ARM.Collect$$libinit$$00000002          0x00000142   Section        0  libinit2.o(.ARM.Collect$$libinit$$00000002)
    .ARM.Collect$$libinit$$00000008          0x00000142   Section        0  libinit2.o(.ARM.Collect$$libinit$$00000008)
    .ARM.Collect$$libinit$$0000000A          0x00000142   Section        0  libinit2.o(.ARM.Collect$$libinit$$0000000A)
    .ARM.Collect$$libinit$$0000000C          0x00000142   Section        0  libinit2.o(.ARM.Collect$$libinit$$0000000C)
    .ARM.Collect$$libinit$$0000000F          0x00000142   Section        0  libinit2.o(.ARM.Collect$$libinit$$0000000F)
    .ARM.Collect$$libinit$$00000011          0x00000142   Section        0  libinit2.o(.ARM.Collect$$libinit$$00000011)
    .ARM.Collect$$libinit$$00000013          0x00000142   Section        0  libinit2.o(.ARM.Collect$$libinit$$00000013)
    .ARM.Collect$$libinit$$00000015          0x00000142   Section        0  libinit2.o(.ARM.Collect$$libinit$$00000015)
    .ARM.Collect$$libinit$$00000017          0x00000142   Section        0  libinit2.o(.ARM.Collect$$libinit$$00000017)
    .ARM.Collect$$libinit$$00000019          0x00000142   Section        0  libinit2.o(.ARM.Collect$$libinit$$00000019)
    .ARM.Collect$$libinit$$0000001B          0x00000142   Section        0  libinit2.o(.ARM.Collect$$libinit$$0000001B)
    .ARM.Collect$$libinit$$0000001D          0x00000142   Section        0  libinit2.o(.ARM.Collect$$libinit$$0000001D)
    .ARM.Collect$$libinit$$0000001F          0x00000142   Section        0  libinit2.o(.ARM.Collect$$libinit$$0000001F)
    .ARM.Collect$$libinit$$00000021          0x00000142   Section        0  libinit2.o(.ARM.Collect$$libinit$$00000021)
    .ARM.Collect$$libinit$$00000023          0x00000142   Section        0  libinit2.o(.ARM.Collect$$libinit$$00000023)
    .ARM.Collect$$libinit$$0000002A          0x00000142   Section        0  libinit2.o(.ARM.Collect$$libinit$$0000002A)
    .ARM.Collect$$libinit$$0000002C          0x00000142   Section        0  libinit2.o(.ARM.Collect$$libinit$$0000002C)
    .ARM.Collect$$libinit$$0000002E          0x00000142   Section        0  libinit2.o(.ARM.Collect$$libinit$$0000002E)
    .ARM.Collect$$libinit$$00000030          0x00000142   Section        0  libinit2.o(.ARM.Collect$$libinit$$00000030)
    .ARM.Collect$$libinit$$00000031          0x00000142   Section        2  libinit2.o(.ARM.Collect$$libinit$$00000031)
    .ARM.Collect$$libshutdown$$00000000      0x00000144   Section        2  libshutdown.o(.ARM.Collect$$libshutdown$$00000000)
    .ARM.Collect$$libshutdown$$00000003      0x00000146   Section        0  libshutdown2.o(.ARM.Collect$$libshutdown$$00000003)
    .ARM.Collect$$libshutdown$$00000006      0x00000146   Section        0  libshutdown2.o(.ARM.Collect$$libshutdown$$00000006)
    .ARM.Collect$$libshutdown$$00000009      0x00000146   Section        0  libshutdown2.o(.ARM.Collect$$libshutdown$$00000009)
    .ARM.Collect$$libshutdown$$0000000B      0x00000146   Section        0  libshutdown2.o(.ARM.Collect$$libshutdown$$0000000B)
    .ARM.Collect$$libshutdown$$0000000E      0x00000146   Section        0  libshutdown2.o(.ARM.Collect$$libshutdown$$0000000E)
    .ARM.Collect$$libshutdown$$0000000F      0x00000146   Section        2  libshutdown2.o(.ARM.Collect$$libshutdown$$0000000F)
    .ARM.Collect$$rtentry$$00000000          0x00000148   Section        0  rtentry.o(.ARM.Collect$$rtentry$$00000000)
    .ARM.Collect$$rtentry$$00000002          0x00000148   Section        0  rtentry2.o(.ARM.Collect$$rtentry$$00000002)
    .ARM.Collect$$rtentry$$00000004          0x00000148   Section        6  rtentry4.o(.ARM.Collect$$rtentry$$00000004)
    .ARM.Collect$$rtentry$$00000009          0x0000014e   Section        0  rtentry2.o(.ARM.Collect$$rtentry$$00000009)
    .ARM.Collect$$rtentry$$0000000A          0x0000014e   Section        4  rtentry2.o(.ARM.Collect$$rtentry$$0000000A)
    .ARM.Collect$$rtentry$$0000000C          0x00000152   Section        0  rtentry2.o(.ARM.Collect$$rtentry$$0000000C)
    .ARM.Collect$$rtentry$$0000000D          0x00000152   Section        8  rtentry2.o(.ARM.Collect$$rtentry$$0000000D)
    .ARM.Collect$$rtexit$$00000000           0x0000015a   Section        2  rtexit.o(.ARM.Collect$$rtexit$$00000000)
    .ARM.Collect$$rtexit$$00000002           0x0000015c   Section        0  rtexit2.o(.ARM.Collect$$rtexit$$00000002)
    .ARM.Collect$$rtexit$$00000003           0x0000015c   Section        4  rtexit2.o(.ARM.Collect$$rtexit$$00000003)
    .ARM.Collect$$rtexit$$00000004           0x00000160   Section        6  rtexit2.o(.ARM.Collect$$rtexit$$00000004)
    .emb_text                                0x00000168   Section       42  hal.o(.emb_text)
    .emb_text                                0x00000194   Section       12  uart_i_process.o(.emb_text)
    .emb_text                                0x000001a0   Section       12  timer.o(.emb_text)
    .text                                    0x000001ac   Section       60  startup_lpc17xx.o(.text)
    .text                                    0x000001e8   Section        0  uart_polling.o(.text)
    .text                                    0x000002c4   Section        2  use_no_semi.o(.text)
    .text                                    0x000002c6   Section        0  heapauxi.o(.text)
    .text                                    0x000002cc   Section        0  exit.o(.text)
    .text                                    0x000002d8   Section        8  libspace.o(.text)
    .ARM.__at_0x02FC                         0x000002fc   Section        4  startup_lpc17xx.o(.ARM.__at_0x02FC)
    .text                                    0x00000300   Section        0  system_lpc17xx.o(.text)
    .text                                    0x0000051c   Section        0  main.o(.text)
    .text                                    0x00000580   Section        0  memory.o(.text)
    .text                                    0x00000680   Section        0  process.o(.text)
    NVIC_EnableIRQ                           0x0000097d   Thumb Code    24  process.o(.text)
    NVIC_DisableIRQ                          0x00000995   Thumb Code    18  process.o(.text)
    .text                                    0x000009d8   Section        0  retarget.o(.text)
    .text                                    0x00000a30   Section        0  usr_proc.o(.text)
    .text                                    0x00001274   Section        0  pq.o(.text)
    .text                                    0x000013f0   Section        0  message.o(.text)
    .text                                    0x00001634   Section        0  semaphore.o(.text)
    .text                                    0x000016a8   Section        0  crt_display.o(.text)
    .text                                    0x00001ac0   Section        0  uart_i_process.o(.text)
    .text                                    0x00001cac   Section        0  keyboard.o(.text)
    .text                                    0x00001f44   Section        0  timer.o(.text)
    .text                                    0x00002150   Section        0  wall_clock.o(.text)
    .text                                    0x00002404   Section      100  rt_memcpy_w.o(.text)
    .text                                    0x00002468   Section       74  sys_stackheap_outer.o(.text)
    .constdata                               0x000024b4   Section       56  usr_proc.o(.constdata)
    .data                                    0x10000000   Section        4  system_lpc17xx.o(.data)
    .data                                    0x10000004   Section       12  memory.o(.data)
    memory_list                              0x10000004   Data           4  memory.o(.data)
    MEMORY_SIZE                              0x10000008   Data           4  memory.o(.data)
    NUM_MEMORY_BLOCKS                        0x1000000c   Data           4  memory.o(.data)
    .data                                    0x10000010   Section        8  process.o(.data)
    .data                                    0x10000018   Section       28  usr_proc.o(.data)
    .data                                    0x10000034   Section       16  message.o(.data)
    .data                                    0x10000044   Section       12  crt_display.o(.data)
    .data                                    0x10000050   Section       16  uart_i_process.o(.data)
    .data                                    0x10000060   Section       19  keyboard.o(.data)
    .data                                    0x10000074   Section       20  timer.o(.data)
    .data                                    0x10000088   Section        8  wall_clock.o(.data)
    .bss                                     0x10000090   Section       16  memory.o(.bss)
    .bss                                     0x100000a0   Section       16  process.o(.bss)
    p_pq                                     0x100000a0   Data          16  process.o(.bss)
    .bss                                     0x100000b0   Section      112  usr_proc.o(.bss)
    .bss                                     0x10000120   Section       16  message.o(.bss)
    .bss                                     0x10000130   Section       36  crt_display.o(.bss)
    buffer                                   0x10000130   Data          10  crt_display.o(.bss)
    .bss                                     0x10000154   Section       64  uart_i_process.o(.bss)
    .bss                                     0x10000194   Section      176  keyboard.o(.bss)
    .bss                                     0x10000244   Section       12  timer.o(.bss)
    .bss                                     0x10000250   Section       24  wall_clock.o(.bss)
    .bss                                     0x10000268   Section       96  libspace.o(.bss)
    HEAP                                     0x100002c8   Section        0  startup_lpc17xx.o(HEAP)
    STACK                                    0x100002c8   Section      512  startup_lpc17xx.o(STACK)
    Heap_Mem                                 0x100002c8   Data           0  startup_lpc17xx.o(HEAP)
    Stack_Mem                                0x100002c8   Data         512  startup_lpc17xx.o(STACK)
    __initial_sp                             0x100004c8   Data           0  startup_lpc17xx.o(STACK)

    Global Symbols

    Symbol Name                              Value     Ov Type        Size  Object(Section)

    BuildAttributes$$THM_ISAv4$P$D$K$B$S$PE$A:L22UL41UL21$X:L11$S22US41US21$IEEE1$IW$USESV6$~STKCKD$USESV7$~SHL$OSPACE$ROPI$EBA8$UX$STANDARDLIB$REQ8$PRES8$EABIv2 0x00000000   Number         0  anon$$obj.o ABSOLUTE
    __ARM_use_no_argv                        0x00000000   Number         0  main.o ABSOLUTE
    __Vectors                                0x00000000   Data           4  startup_lpc17xx.o(RESET)
    __ARM_exceptions_init                     - Undefined Weak Reference
    __alloca_initialize                       - Undefined Weak Reference
    __cpp_initialize__aeabi_                  - Undefined Weak Reference
    __cxa_finalize                            - Undefined Weak Reference
    __rt_locale                               - Undefined Weak Reference
    __sigvec_lookup                           - Undefined Weak Reference
    _atexit_init                              - Undefined Weak Reference
    _call_atexit_fns                          - Undefined Weak Reference
    _clock_init                               - Undefined Weak Reference
    _fp_trap_init                             - Undefined Weak Reference
    _fp_trap_shutdown                         - Undefined Weak Reference
    _get_lc_collate                           - Undefined Weak Reference
    _get_lc_ctype                             - Undefined Weak Reference
    _get_lc_monetary                          - Undefined Weak Reference
    _get_lc_numeric                           - Undefined Weak Reference
    _get_lc_time                              - Undefined Weak Reference
    _getenv_init                              - Undefined Weak Reference
    _handle_redirection                       - Undefined Weak Reference
    _init_alloc                               - Undefined Weak Reference
    _init_user_alloc                          - Undefined Weak Reference
    _initio                                   - Undefined Weak Reference
    _rand_init                                - Undefined Weak Reference
    _signal_finish                            - Undefined Weak Reference
    _signal_init                              - Undefined Weak Reference
    _terminate_alloc                          - Undefined Weak Reference
    _terminate_user_alloc                     - Undefined Weak Reference
    _terminateio                              - Undefined Weak Reference
    __main                                   0x000000cd   Thumb Code     8  __main.o(!!!main)
    __scatterload                            0x000000d5   Thumb Code     0  __scatter.o(!!!scatter)
    __scatterload_rt2                        0x000000d5   Thumb Code    44  __scatter.o(!!!scatter)
    __scatterload_rt2_thumb_only             0x000000d5   Thumb Code     0  __scatter.o(!!!scatter)
    __scatterload_null                       0x000000e3   Thumb Code     0  __scatter.o(!!!scatter)
    __scatterload_copy                       0x00000109   Thumb Code    26  __scatter_copy.o(!!handler_copy)
    __scatterload_zeroinit                   0x00000125   Thumb Code    28  __scatter_zi.o(!!handler_zi)
    __rt_lib_init                            0x00000141   Thumb Code     0  libinit.o(.ARM.Collect$$libinit$$00000000)
    __rt_lib_init_alloca_1                   0x00000143   Thumb Code     0  libinit2.o(.ARM.Collect$$libinit$$0000002C)
    __rt_lib_init_argv_1                     0x00000143   Thumb Code     0  libinit2.o(.ARM.Collect$$libinit$$0000002A)
    __rt_lib_init_atexit_1                   0x00000143   Thumb Code     0  libinit2.o(.ARM.Collect$$libinit$$00000019)
    __rt_lib_init_clock_1                    0x00000143   Thumb Code     0  libinit2.o(.ARM.Collect$$libinit$$0000001F)
    __rt_lib_init_cpp_1                      0x00000143   Thumb Code     0  libinit2.o(.ARM.Collect$$libinit$$00000030)
    __rt_lib_init_exceptions_1               0x00000143   Thumb Code     0  libinit2.o(.ARM.Collect$$libinit$$0000002E)
    __rt_lib_init_fp_1                       0x00000143   Thumb Code     0  libinit2.o(.ARM.Collect$$libinit$$00000002)
    __rt_lib_init_fp_trap_1                  0x00000143   Thumb Code     0  libinit2.o(.ARM.Collect$$libinit$$0000001D)
    __rt_lib_init_getenv_1                   0x00000143   Thumb Code     0  libinit2.o(.ARM.Collect$$libinit$$00000021)
    __rt_lib_init_heap_1                     0x00000143   Thumb Code     0  libinit2.o(.ARM.Collect$$libinit$$00000008)
    __rt_lib_init_lc_collate_1               0x00000143   Thumb Code     0  libinit2.o(.ARM.Collect$$libinit$$0000000F)
    __rt_lib_init_lc_ctype_1                 0x00000143   Thumb Code     0  libinit2.o(.ARM.Collect$$libinit$$00000011)
    __rt_lib_init_lc_monetary_1              0x00000143   Thumb Code     0  libinit2.o(.ARM.Collect$$libinit$$00000013)
    __rt_lib_init_lc_numeric_1               0x00000143   Thumb Code     0  libinit2.o(.ARM.Collect$$libinit$$00000015)
    __rt_lib_init_lc_time_1                  0x00000143   Thumb Code     0  libinit2.o(.ARM.Collect$$libinit$$00000017)
    __rt_lib_init_rand_1                     0x00000143   Thumb Code     0  libinit2.o(.ARM.Collect$$libinit$$0000000C)
    __rt_lib_init_return                     0x00000143   Thumb Code     0  libinit2.o(.ARM.Collect$$libinit$$00000031)
    __rt_lib_init_signal_1                   0x00000143   Thumb Code     0  libinit2.o(.ARM.Collect$$libinit$$0000001B)
    __rt_lib_init_stdio_1                    0x00000143   Thumb Code     0  libinit2.o(.ARM.Collect$$libinit$$00000023)
    __rt_lib_init_user_alloc_1               0x00000143   Thumb Code     0  libinit2.o(.ARM.Collect$$libinit$$0000000A)
    __rt_lib_shutdown                        0x00000145   Thumb Code     0  libshutdown.o(.ARM.Collect$$libshutdown$$00000000)
    __rt_lib_shutdown_fp_trap_1              0x00000147   Thumb Code     0  libshutdown2.o(.ARM.Collect$$libshutdown$$00000006)
    __rt_lib_shutdown_heap_1                 0x00000147   Thumb Code     0  libshutdown2.o(.ARM.Collect$$libshutdown$$0000000E)
    __rt_lib_shutdown_return                 0x00000147   Thumb Code     0  libshutdown2.o(.ARM.Collect$$libshutdown$$0000000F)
    __rt_lib_shutdown_signal_1               0x00000147   Thumb Code     0  libshutdown2.o(.ARM.Collect$$libshutdown$$00000009)
    __rt_lib_shutdown_stdio_1                0x00000147   Thumb Code     0  libshutdown2.o(.ARM.Collect$$libshutdown$$00000003)
    __rt_lib_shutdown_user_alloc_1           0x00000147   Thumb Code     0  libshutdown2.o(.ARM.Collect$$libshutdown$$0000000B)
    __rt_entry                               0x00000149   Thumb Code     0  rtentry.o(.ARM.Collect$$rtentry$$00000000)
    __rt_entry_presh_1                       0x00000149   Thumb Code     0  rtentry2.o(.ARM.Collect$$rtentry$$00000002)
    __rt_entry_sh                            0x00000149   Thumb Code     0  rtentry4.o(.ARM.Collect$$rtentry$$00000004)
    __rt_entry_li                            0x0000014f   Thumb Code     0  rtentry2.o(.ARM.Collect$$rtentry$$0000000A)
    __rt_entry_postsh_1                      0x0000014f   Thumb Code     0  rtentry2.o(.ARM.Collect$$rtentry$$00000009)
    __rt_entry_main                          0x00000153   Thumb Code     0  rtentry2.o(.ARM.Collect$$rtentry$$0000000D)
    __rt_entry_postli_1                      0x00000153   Thumb Code     0  rtentry2.o(.ARM.Collect$$rtentry$$0000000C)
    __rt_exit                                0x0000015b   Thumb Code     0  rtexit.o(.ARM.Collect$$rtexit$$00000000)
    __rt_exit_ls                             0x0000015d   Thumb Code     0  rtexit2.o(.ARM.Collect$$rtexit$$00000003)
    __rt_exit_prels_1                        0x0000015d   Thumb Code     0  rtexit2.o(.ARM.Collect$$rtexit$$00000002)
    __rt_exit_exit                           0x00000161   Thumb Code     0  rtexit2.o(.ARM.Collect$$rtexit$$00000004)
    __rte                                    0x00000169   Thumb Code     6  hal.o(.emb_text)
    SVC_Handler                              0x0000016f   Thumb Code    36  hal.o(.emb_text)
    UART0_IRQHandler                         0x00000195   Thumb Code    12  uart_i_process.o(.emb_text)
    TIMER0_IRQHandler                        0x000001a1   Thumb Code    12  timer.o(.emb_text)
    Reset_Handler                            0x000001ad   Thumb Code     8  startup_lpc17xx.o(.text)
    NMI_Handler                              0x000001b5   Thumb Code     2  startup_lpc17xx.o(.text)
    HardFault_Handler                        0x000001b7   Thumb Code     2  startup_lpc17xx.o(.text)
    MemManage_Handler                        0x000001b9   Thumb Code     2  startup_lpc17xx.o(.text)
    BusFault_Handler                         0x000001bb   Thumb Code     2  startup_lpc17xx.o(.text)
    UsageFault_Handler                       0x000001bd   Thumb Code     2  startup_lpc17xx.o(.text)
    DebugMon_Handler                         0x000001c1   Thumb Code     2  startup_lpc17xx.o(.text)
    PendSV_Handler                           0x000001c3   Thumb Code     2  startup_lpc17xx.o(.text)
    SysTick_Handler                          0x000001c5   Thumb Code     2  startup_lpc17xx.o(.text)
    ADC_IRQHandler                           0x000001c7   Thumb Code     0  startup_lpc17xx.o(.text)
    BOD_IRQHandler                           0x000001c7   Thumb Code     0  startup_lpc17xx.o(.text)
    CANActivity_IRQHandler                   0x000001c7   Thumb Code     0  startup_lpc17xx.o(.text)
    CAN_IRQHandler                           0x000001c7   Thumb Code     0  startup_lpc17xx.o(.text)
    DMA_IRQHandler                           0x000001c7   Thumb Code     0  startup_lpc17xx.o(.text)
    EINT0_IRQHandler                         0x000001c7   Thumb Code     0  startup_lpc17xx.o(.text)
    EINT1_IRQHandler                         0x000001c7   Thumb Code     0  startup_lpc17xx.o(.text)
    EINT2_IRQHandler                         0x000001c7   Thumb Code     0  startup_lpc17xx.o(.text)
    EINT3_IRQHandler                         0x000001c7   Thumb Code     0  startup_lpc17xx.o(.text)
    ENET_IRQHandler                          0x000001c7   Thumb Code     0  startup_lpc17xx.o(.text)
    I2C0_IRQHandler                          0x000001c7   Thumb Code     0  startup_lpc17xx.o(.text)
    I2C1_IRQHandler                          0x000001c7   Thumb Code     0  startup_lpc17xx.o(.text)
    I2C2_IRQHandler                          0x000001c7   Thumb Code     0  startup_lpc17xx.o(.text)
    I2S_IRQHandler                           0x000001c7   Thumb Code     0  startup_lpc17xx.o(.text)
    MCPWM_IRQHandler                         0x000001c7   Thumb Code     0  startup_lpc17xx.o(.text)
    PLL0_IRQHandler                          0x000001c7   Thumb Code     0  startup_lpc17xx.o(.text)
    PLL1_IRQHandler                          0x000001c7   Thumb Code     0  startup_lpc17xx.o(.text)
    PWM1_IRQHandler                          0x000001c7   Thumb Code     0  startup_lpc17xx.o(.text)
    QEI_IRQHandler                           0x000001c7   Thumb Code     0  startup_lpc17xx.o(.text)
    RIT_IRQHandler                           0x000001c7   Thumb Code     0  startup_lpc17xx.o(.text)
    RTC_IRQHandler                           0x000001c7   Thumb Code     0  startup_lpc17xx.o(.text)
    SPI_IRQHandler                           0x000001c7   Thumb Code     0  startup_lpc17xx.o(.text)
    SSP0_IRQHandler                          0x000001c7   Thumb Code     0  startup_lpc17xx.o(.text)
    SSP1_IRQHandler                          0x000001c7   Thumb Code     0  startup_lpc17xx.o(.text)
    TIMER1_IRQHandler                        0x000001c7   Thumb Code     0  startup_lpc17xx.o(.text)
    TIMER2_IRQHandler                        0x000001c7   Thumb Code     0  startup_lpc17xx.o(.text)
    TIMER3_IRQHandler                        0x000001c7   Thumb Code     0  startup_lpc17xx.o(.text)
    UART1_IRQHandler                         0x000001c7   Thumb Code     0  startup_lpc17xx.o(.text)
    UART2_IRQHandler                         0x000001c7   Thumb Code     0  startup_lpc17xx.o(.text)
    UART3_IRQHandler                         0x000001c7   Thumb Code     0  startup_lpc17xx.o(.text)
    USBActivity_IRQHandler                   0x000001c7   Thumb Code     0  startup_lpc17xx.o(.text)
    USB_IRQHandler                           0x000001c7   Thumb Code     0  startup_lpc17xx.o(.text)
    WDT_IRQHandler                           0x000001c7   Thumb Code     0  startup_lpc17xx.o(.text)
    __user_initial_stackheap                 0x000001c9   Thumb Code     0  startup_lpc17xx.o(.text)
    uart_init                                0x000001e9   Thumb Code    94  uart_polling.o(.text)
    uart_get_char                            0x00000247   Thumb Code    36  uart_polling.o(.text)
    uart_put_char                            0x0000026b   Thumb Code    38  uart_polling.o(.text)
    uart_put_string                          0x00000291   Thumb Code    38  uart_polling.o(.text)
    __I$use$semihosting                      0x000002c5   Thumb Code     0  use_no_semi.o(.text)
    __use_no_semihosting_swi                 0x000002c5   Thumb Code     2  use_no_semi.o(.text)
    __use_two_region_memory                  0x000002c7   Thumb Code     2  heapauxi.o(.text)
    __rt_heap_escrow$2region                 0x000002c9   Thumb Code     2  heapauxi.o(.text)
    __rt_heap_expand$2region                 0x000002cb   Thumb Code     2  heapauxi.o(.text)
    exit                                     0x000002cd   Thumb Code    12  exit.o(.text)
    __user_libspace                          0x000002d9   Thumb Code     8  libspace.o(.text)
    __user_perproc_libspace                  0x000002d9   Thumb Code     0  libspace.o(.text)
    __user_perthread_libspace                0x000002d9   Thumb Code     0  libspace.o(.text)
    SystemInit                               0x00000301   Thumb Code   476  system_lpc17xx.o(.text)
    __init                                   0x0000051d   Thumb Code    48  main.o(.text)
    main                                     0x0000054d   Thumb Code    48  main.o(.text)
    memory_init                              0x00000581   Thumb Code    74  memory.o(.text)
    k_request_memory_block                   0x000005cb   Thumb Code    76  memory.o(.text)
    k_release_memory_block                   0x00000617   Thumb Code    78  memory.o(.text)
    insert_process_pq                        0x00000681   Thumb Code    14  process.o(.text)
    remove_process_pq                        0x0000068f   Thumb Code    14  process.o(.text)
    scheduler                                0x0000069d   Thumb Code    52  process.o(.text)
    lookup_pid                               0x000006d1   Thumb Code    84  process.o(.text)
    k_get_process_priority                   0x00000725   Thumb Code    24  process.o(.text)
    k_set_process_priority                   0x0000073d   Thumb Code    36  process.o(.text)
    process_init                             0x00000761   Thumb Code    60  process.o(.text)
    k_set_interrupt_state                    0x0000079d   Thumb Code   134  process.o(.text)
    k_get_interrupt_state                    0x00000823   Thumb Code     6  process.o(.text)
    k_context_switch                         0x00000829   Thumb Code   306  process.o(.text)
    k_release_processor                      0x0000095b   Thumb Code    24  process.o(.text)
    process_reset                            0x00000973   Thumb Code    10  process.o(.text)
    sendchar                                 0x000009d9   Thumb Code    28  retarget.o(.text)
    getkey                                   0x000009f5   Thumb Code    10  retarget.o(.text)
    fputc                                    0x000009ff   Thumb Code    14  retarget.o(.text)
    fgetc                                    0x00000a0d   Thumb Code    10  retarget.o(.text)
    ferror                                   0x00000a17   Thumb Code     8  retarget.o(.text)
    _ttywrch                                 0x00000a1f   Thumb Code    12  retarget.o(.text)
    _sys_exit                                0x00000a2b   Thumb Code     4  retarget.o(.text)
    __initialize_processes                   0x00000a31   Thumb Code   258  usr_proc.o(.text)
    null_process                             0x00000b33   Thumb Code    14  usr_proc.o(.text)
    proc1                                    0x00000b41   Thumb Code   172  usr_proc.o(.text)
    proc2                                    0x00000bed   Thumb Code   144  usr_proc.o(.text)
    proc3                                    0x00000c7d   Thumb Code   128  usr_proc.o(.text)
    proc4                                    0x00000cfd   Thumb Code   130  usr_proc.o(.text)
    proc5                                    0x00000d7f   Thumb Code   744  usr_proc.o(.text)
    proc6                                    0x00001067   Thumb Code    74  usr_proc.o(.text)
    procA                                    0x000010b1   Thumb Code   120  usr_proc.o(.text)
    procB                                    0x00001129   Thumb Code    32  usr_proc.o(.text)
    procC                                    0x00001149   Thumb Code   158  usr_proc.o(.text)
    insert_pq                                0x00001275   Thumb Code    56  pq.o(.text)
    remove_pq                                0x000012ad   Thumb Code    66  pq.o(.text)
    get_process                              0x000012ef   Thumb Code    36  pq.o(.text)
    lookup_pid_pq                            0x00001313   Thumb Code    44  pq.o(.text)
    enqueue_q                                0x0000133f   Thumb Code   136  pq.o(.text)
    dequeue_q                                0x000013c7   Thumb Code    40  pq.o(.text)
    message_init                             0x000013f1   Thumb Code    16  message.o(.text)
    get_message_pid                          0x00001401   Thumb Code    60  message.o(.text)
    k_get_message                            0x0000143d   Thumb Code    50  message.o(.text)
    send_message_global                      0x0000146f   Thumb Code   234  message.o(.text)
    k_send_message                           0x00001559   Thumb Code    20  message.o(.text)
    k_delayed_send                           0x0000156d   Thumb Code    30  message.o(.text)
    k_receive_message                        0x0000158b   Thumb Code   152  message.o(.text)
    semInit                                  0x00001635   Thumb Code    10  semaphore.o(.text)
    semWait                                  0x0000163f   Thumb Code    56  semaphore.o(.text)
    semSignal                                0x00001677   Thumb Code    44  semaphore.o(.text)
    concat                                   0x000016a9   Thumb Code    30  crt_display.o(.text)
    int_to_char_star                         0x000016c7   Thumb Code    42  crt_display.o(.text)
    hot_key_handler                          0x000016f1   Thumb Code   350  crt_display.o(.text)
    hotkey_init                              0x0000184f   Thumb Code   180  crt_display.o(.text)
    crt_system_process                       0x00001903   Thumb Code    68  crt_display.o(.text)
    crt_init                                 0x00001947   Thumb Code   156  crt_display.o(.text)
    crt_print                                0x000019e3   Thumb Code    30  crt_display.o(.text)
    crt_output_int                           0x00001a01   Thumb Code    20  crt_display.o(.text)
    i_uart_init                              0x00001ac1   Thumb Code   140  uart_i_process.o(.text)
    c_UART0_IRQHandler                       0x00001b4d   Thumb Code   256  uart_i_process.o(.text)
    uart_i_process                           0x00001c4d   Thumb Code    56  uart_i_process.o(.text)
    str2int                                  0x00001cad   Thumb Code    44  keyboard.o(.text)
    keyboard_proc                            0x00001cd9   Thumb Code   416  keyboard.o(.text)
    keyboard_init                            0x00001e79   Thumb Code   150  keyboard.o(.text)
    timeout_i_process                        0x00001f45   Thumb Code   138  timer.o(.text)
    timer_init                               0x00001fcf   Thumb Code   226  timer.o(.text)
    c_TIMER0_IRQHandler                      0x000020b1   Thumb Code   126  timer.o(.text)
    get_current_time                         0x0000212f   Thumb Code     6  timer.o(.text)
    hms_to_ts                                0x00002151   Thumb Code    76  wall_clock.o(.text)
    ts_to_hms                                0x0000219d   Thumb Code   134  wall_clock.o(.text)
    wall_clock                               0x00002223   Thumb Code   260  wall_clock.o(.text)
    wall_clock_init                          0x00002327   Thumb Code   182  wall_clock.o(.text)
    __aeabi_memcpy4                          0x00002405   Thumb Code     0  rt_memcpy_w.o(.text)
    __aeabi_memcpy8                          0x00002405   Thumb Code     0  rt_memcpy_w.o(.text)
    __rt_memcpy_w                            0x00002405   Thumb Code   100  rt_memcpy_w.o(.text)
    _memcpy_lastbytes_aligned                0x0000244d   Thumb Code     0  rt_memcpy_w.o(.text)
    __user_setup_stackheap                   0x00002469   Thumb Code    74  sys_stackheap_outer.o(.text)
    Region$$Table$$Base                      0x000024ec   Number         0  anon$$obj.o(Region$$Table)
    Region$$Table$$Limit                     0x0000250c   Number         0  anon$$obj.o(Region$$Table)
    SystemFrequency                          0x10000000   Data           4  system_lpc17xx.o(.data)
    state                                    0x10000010   Data           4  process.o(.data)
    current_process                          0x10000014   Data           4  process.o(.data)
    TEST1                                    0x10000018   Data           4  usr_proc.o(.data)
    TEST2                                    0x1000001c   Data           4  usr_proc.o(.data)
    TEST3                                    0x10000020   Data           4  usr_proc.o(.data)
    TEST4                                    0x10000024   Data           4  usr_proc.o(.data)
    TEST5                                    0x10000028   Data           4  usr_proc.o(.data)
    msg1_status                              0x1000002c   Data           4  usr_proc.o(.data)
    msg2_status                              0x10000030   Data           4  usr_proc.o(.data)
    send                                     0x10000034   Data           8  message.o(.data)
    receive                                  0x1000003c   Data           8  message.o(.data)
    crt_pcb                                  0x10000044   Data           4  crt_display.o(.data)
    hotkey_pcb                               0x10000048   Data           4  crt_display.o(.data)
    hotkey_data                              0x1000004c   Data           4  crt_display.o(.data)
    g_UART0_TX_empty                         0x10000050   Data           1  uart_i_process.o(.data)
    g_UART0_count                            0x10000054   Data           4  uart_i_process.o(.data)
    hotkey_msg                               0x10000058   Data           4  uart_i_process.o(.data)
    saved_process                            0x1000005c   Data           4  uart_i_process.o(.data)
    curr_key_buf_pos                         0x10000060   Data           4  keyboard.o(.data)
    WALL_CLOCK_RUNNING                       0x10000064   Data           4  keyboard.o(.data)
    command_pos                              0x10000068   Data           4  keyboard.o(.data)
    keyboard_pcb                             0x1000006c   Data           4  keyboard.o(.data)
    input_display                            0x10000070   Data           3  keyboard.o(.data)
    timer_saved_process                      0x10000074   Data           4  timer.o(.data)
    head                                     0x10000078   Data           4  timer.o(.data)
    preempt                                  0x1000007c   Data           4  timer.o(.data)
    g_timer_count                            0x10000080   Data           4  timer.o(.data)
    timer_pcb                                0x10000084   Data           4  timer.o(.data)
    WALL_CLOCK_START_TIMER                   0x10000088   Data           4  wall_clock.o(.data)
    wall_clock_pcb                           0x1000008c   Data           4  wall_clock.o(.data)
    mem_pq                                   0x10000090   Data          16  memory.o(.bss)
    pcb_list                                 0x100000b0   Data          28  usr_proc.o(.bss)
    process_list                             0x100000cc   Data          84  usr_proc.o(.bss)
    msg_pq                                   0x10000120   Data          16  message.o(.bss)
    crt_process                              0x1000013c   Data          12  crt_display.o(.bss)
    hotkey_process                           0x10000148   Data          12  crt_display.o(.bss)
    g_UART0_buffer                           0x10000154   Data          64  uart_i_process.o(.bss)
    COMMAND_PIDS                             0x10000194   Data          80  keyboard.o(.bss)
    KEYBOARD_INPUT_BUFFER                    0x100001e4   Data          64  keyboard.o(.bss)
    COMMAND_CHARS                            0x10000224   Data          20  keyboard.o(.bss)
    keyboard_process                         0x10000238   Data          12  keyboard.o(.bss)
    timer_process                            0x10000244   Data          12  timer.o(.bss)
    CURR_TIME_BUFFER                         0x10000250   Data          11  wall_clock.o(.bss)
    wall_clock_process                       0x1000025c   Data          12  wall_clock.o(.bss)
    __libspace_start                         0x10000268   Data          96  libspace.o(.bss)
    __temporary_stack_top$libspace           0x100002c8   Data           0  libspace.o(.bss)
    Image$$RW_IRAM1$$ZI$$Limit               0x100004c8   Number         0  startup_lpc17xx.o(STACK)



==============================================================================

Memory Map of the image

  Image Entry point : 0x000000cd

  Load Region LR_IROM1 (Base: 0x00000000, Size: 0x0000259c, Max: 0x00080000, ABSOLUTE)

    Execution Region ER_IROM1 (Base: 0x00000000, Size: 0x0000250c, Max: 0x00080000, ABSOLUTE)

    Base Addr    Size         Type   Attr      Idx    E Section Name        Object

    0x00000000   0x000000cc   Data   RO            3    RESET               startup_lpc17xx.o
    0x000000cc   0x00000008   Code   RO          554  * !!!main             c_w.l(__main.o)
    0x000000d4   0x00000034   Code   RO          702    !!!scatter          c_w.l(__scatter.o)
    0x00000108   0x0000001a   Code   RO          704    !!handler_copy      c_w.l(__scatter_copy.o)
    0x00000122   0x00000002   PAD
    0x00000124   0x0000001c   Code   RO          706    !!handler_zi        c_w.l(__scatter_zi.o)
    0x00000140   0x00000002   Code   RO          581    .ARM.Collect$$libinit$$00000000  c_w.l(libinit.o)
    0x00000142   0x00000000   Code   RO          588    .ARM.Collect$$libinit$$00000002  c_w.l(libinit2.o)
    0x00000142   0x00000000   Code   RO          591    .ARM.Collect$$libinit$$00000008  c_w.l(libinit2.o)
    0x00000142   0x00000000   Code   RO          593    .ARM.Collect$$libinit$$0000000A  c_w.l(libinit2.o)
    0x00000142   0x00000000   Code   RO          595    .ARM.Collect$$libinit$$0000000C  c_w.l(libinit2.o)
    0x00000142   0x00000000   Code   RO          598    .ARM.Collect$$libinit$$0000000F  c_w.l(libinit2.o)
    0x00000142   0x00000000   Code   RO          600    .ARM.Collect$$libinit$$00000011  c_w.l(libinit2.o)
    0x00000142   0x00000000   Code   RO          602    .ARM.Collect$$libinit$$00000013  c_w.l(libinit2.o)
    0x00000142   0x00000000   Code   RO          604    .ARM.Collect$$libinit$$00000015  c_w.l(libinit2.o)
    0x00000142   0x00000000   Code   RO          606    .ARM.Collect$$libinit$$00000017  c_w.l(libinit2.o)
    0x00000142   0x00000000   Code   RO          608    .ARM.Collect$$libinit$$00000019  c_w.l(libinit2.o)
    0x00000142   0x00000000   Code   RO          610    .ARM.Collect$$libinit$$0000001B  c_w.l(libinit2.o)
    0x00000142   0x00000000   Code   RO          612    .ARM.Collect$$libinit$$0000001D  c_w.l(libinit2.o)
    0x00000142   0x00000000   Code   RO          614    .ARM.Collect$$libinit$$0000001F  c_w.l(libinit2.o)
    0x00000142   0x00000000   Code   RO          616    .ARM.Collect$$libinit$$00000021  c_w.l(libinit2.o)
    0x00000142   0x00000000   Code   RO          618    .ARM.Collect$$libinit$$00000023  c_w.l(libinit2.o)
    0x00000142   0x00000000   Code   RO          622    .ARM.Collect$$libinit$$0000002A  c_w.l(libinit2.o)
    0x00000142   0x00000000   Code   RO          624    .ARM.Collect$$libinit$$0000002C  c_w.l(libinit2.o)
    0x00000142   0x00000000   Code   RO          626    .ARM.Collect$$libinit$$0000002E  c_w.l(libinit2.o)
    0x00000142   0x00000000   Code   RO          628    .ARM.Collect$$libinit$$00000030  c_w.l(libinit2.o)
    0x00000142   0x00000002   Code   RO          629    .ARM.Collect$$libinit$$00000031  c_w.l(libinit2.o)
    0x00000144   0x00000002   Code   RO          647    .ARM.Collect$$libshutdown$$00000000  c_w.l(libshutdown.o)
    0x00000146   0x00000000   Code   RO          658    .ARM.Collect$$libshutdown$$00000003  c_w.l(libshutdown2.o)
    0x00000146   0x00000000   Code   RO          661    .ARM.Collect$$libshutdown$$00000006  c_w.l(libshutdown2.o)
    0x00000146   0x00000000   Code   RO          664    .ARM.Collect$$libshutdown$$00000009  c_w.l(libshutdown2.o)
    0x00000146   0x00000000   Code   RO          666    .ARM.Collect$$libshutdown$$0000000B  c_w.l(libshutdown2.o)
    0x00000146   0x00000000   Code   RO          669    .ARM.Collect$$libshutdown$$0000000E  c_w.l(libshutdown2.o)
    0x00000146   0x00000002   Code   RO          670    .ARM.Collect$$libshutdown$$0000000F  c_w.l(libshutdown2.o)
    0x00000148   0x00000000   Code   RO          556    .ARM.Collect$$rtentry$$00000000  c_w.l(rtentry.o)
    0x00000148   0x00000000   Code   RO          558    .ARM.Collect$$rtentry$$00000002  c_w.l(rtentry2.o)
    0x00000148   0x00000006   Code   RO          570    .ARM.Collect$$rtentry$$00000004  c_w.l(rtentry4.o)
    0x0000014e   0x00000000   Code   RO          560    .ARM.Collect$$rtentry$$00000009  c_w.l(rtentry2.o)
    0x0000014e   0x00000004   Code   RO          561    .ARM.Collect$$rtentry$$0000000A  c_w.l(rtentry2.o)
    0x00000152   0x00000000   Code   RO          563    .ARM.Collect$$rtentry$$0000000C  c_w.l(rtentry2.o)
    0x00000152   0x00000008   Code   RO          564    .ARM.Collect$$rtentry$$0000000D  c_w.l(rtentry2.o)
    0x0000015a   0x00000002   Code   RO          585    .ARM.Collect$$rtexit$$00000000  c_w.l(rtexit.o)
    0x0000015c   0x00000000   Code   RO          631    .ARM.Collect$$rtexit$$00000002  c_w.l(rtexit2.o)
    0x0000015c   0x00000004   Code   RO          632    .ARM.Collect$$rtexit$$00000003  c_w.l(rtexit2.o)
    0x00000160   0x00000006   Code   RO          633    .ARM.Collect$$rtexit$$00000004  c_w.l(rtexit2.o)
    0x00000166   0x00000002   PAD
    0x00000168   0x0000002a   Code   RO          222    .emb_text           hal.o
    0x00000192   0x00000002   PAD
    0x00000194   0x0000000c   Code   RO          389    .emb_text           uart_i_process.o
    0x000001a0   0x0000000c   Code   RO          463    .emb_text           timer.o
    0x000001ac   0x0000003c   Code   RO            5    .text               startup_lpc17xx.o
    0x000001e8   0x000000dc   Code   RO           59    .text               uart_polling.o
    0x000002c4   0x00000002   Code   RO          548    .text               c_w.l(use_no_semi.o)
    0x000002c6   0x00000006   Code   RO          552    .text               c_w.l(heapauxi.o)
    0x000002cc   0x0000000c   Code   RO          574    .text               c_w.l(exit.o)
    0x000002d8   0x00000008   Code   RO          582    .text               c_w.l(libspace.o)
    0x000002e0   0x0000001c   PAD
    0x000002fc   0x00000004   Code   RO            4    .ARM.__at_0x02FC    startup_lpc17xx.o
    0x00000300   0x0000021c   Code   RO           15    .text               system_lpc17xx.o
    0x0000051c   0x00000064   Code   RO           82    .text               main.o
    0x00000580   0x00000100   Code   RO          135    .text               memory.o
    0x00000680   0x00000358   Code   RO          167    .text               process.o
    0x000009d8   0x00000056   Code   RO          229    .text               retarget.o
    0x00000a2e   0x00000002   PAD
    0x00000a30   0x00000844   Code   RO          253    .text               usr_proc.o
    0x00001274   0x0000017a   Code   RO          281    .text               pq.o
    0x000013ee   0x00000002   PAD
    0x000013f0   0x00000244   Code   RO          301    .text               message.o
    0x00001634   0x00000074   Code   RO          328    .text               semaphore.o
    0x000016a8   0x00000418   Code   RO          351    .text               crt_display.o
    0x00001ac0   0x000001ec   Code   RO          390    .text               uart_i_process.o
    0x00001cac   0x00000298   Code   RO          421    .text               keyboard.o
    0x00001f44   0x0000020c   Code   RO          464    .text               timer.o
    0x00002150   0x000002b4   Code   RO          501    .text               wall_clock.o
    0x00002404   0x00000064   Code   RO          550    .text               c_w.l(rt_memcpy_w.o)
    0x00002468   0x0000004a   Code   RO          572    .text               c_w.l(sys_stackheap_outer.o)
    0x000024b2   0x00000002   PAD
    0x000024b4   0x00000038   Data   RO          255    .constdata          usr_proc.o
    0x000024ec   0x00000020   Data   RO          700    Region$$Table       anon$$obj.o


    Execution Region RW_IRAM1 (Base: 0x10000000, Size: 0x000004c8, Max: 0x00008000, ABSOLUTE)

    Base Addr    Size         Type   Attr      Idx    E Section Name        Object

    0x10000000   0x00000004   Data   RW           16    .data               system_lpc17xx.o
    0x10000004   0x0000000c   Data   RW          137    .data               memory.o
    0x10000010   0x00000008   Data   RW          169    .data               process.o
    0x10000018   0x0000001c   Data   RW          256    .data               usr_proc.o
    0x10000034   0x00000010   Data   RW          303    .data               message.o
    0x10000044   0x0000000c   Data   RW          353    .data               crt_display.o
    0x10000050   0x00000010   Data   RW          392    .data               uart_i_process.o
    0x10000060   0x00000013   Data   RW          423    .data               keyboard.o
    0x10000073   0x00000001   PAD
    0x10000074   0x00000014   Data   RW          466    .data               timer.o
    0x10000088   0x00000008   Data   RW          503    .data               wall_clock.o
    0x10000090   0x00000010   Zero   RW          136    .bss                memory.o
    0x100000a0   0x00000010   Zero   RW          168    .bss                process.o
    0x100000b0   0x00000070   Zero   RW          254    .bss                usr_proc.o
    0x10000120   0x00000010   Zero   RW          302    .bss                message.o
    0x10000130   0x00000024   Zero   RW          352    .bss                crt_display.o
    0x10000154   0x00000040   Zero   RW          391    .bss                uart_i_process.o
    0x10000194   0x000000b0   Zero   RW          422    .bss                keyboard.o
    0x10000244   0x0000000c   Zero   RW          465    .bss                timer.o
    0x10000250   0x00000018   Zero   RW          502    .bss                wall_clock.o
    0x10000268   0x00000060   Zero   RW          583    .bss                c_w.l(libspace.o)
    0x100002c8   0x00000000   Zero   RW            2    HEAP                startup_lpc17xx.o
    0x100002c8   0x00000200   Zero   RW            1    STACK               startup_lpc17xx.o


==============================================================================

Image component sizes


      Code (inc. data)   RO Data    RW Data    ZI Data      Debug   Object Name

      1048        172          0         12         36       5989   crt_display.o
        42          0          0          0          0        296   hal.o
       664         54          0         19        176       4871   keyboard.o
       100          4          0          0          0       4572   main.o
       256         28          0         12         16       3260   memory.o
       580         18          0         16         16       3299   message.o
       378          0          0          0          0       2944   pq.o
       856         56          0          8         16      31432   process.o
        86          0          0          0          0       2795   retarget.o
       116          6          0          0          0       1280   semaphore.o
        64         26        204          0        512        888   startup_lpc17xx.o
       540         64          0          4          0      21507   system_lpc17xx.o
       536         28          0         20         12       4875   timer.o
       504         40          0         16         64      26272   uart_i_process.o
       220         14          0          0          0       1656   uart_polling.o
      2116        438         56         28        112       5774   usr_proc.o
       692         40          0          8         24       4597   wall_clock.o

    ----------------------------------------------------------------------
      8804        988        292        144        984     126307   Object Totals
         0          0         32          0          0          0   (incl. Generated)
         6          0          0          1          0          0   (incl. Padding)

    ----------------------------------------------------------------------

      Code (inc. data)   RO Data    RW Data    ZI Data      Debug   Library Member Name

         8          0          0          0          0         68   __main.o
        52          8          0          0          0          0   __scatter.o
        26          0          0          0          0          0   __scatter_copy.o
        28          0          0          0          0          0   __scatter_zi.o
        12          0          0          0          0         72   exit.o
         6          0          0          0          0        152   heapauxi.o
         2          0          0          0          0          0   libinit.o
         2          0          0          0          0          0   libinit2.o
         2          0          0          0          0          0   libshutdown.o
         2          0          0          0          0          0   libshutdown2.o
         8          4          0          0         96         68   libspace.o
       100          0          0          0          0         80   rt_memcpy_w.o
         0          0          0          0          0          0   rtentry.o
        12          0          0          0          0          0   rtentry2.o
         6          0          0          0          0          0   rtentry4.o
         2          0          0          0          0          0   rtexit.o
        10          0          0          0          0          0   rtexit2.o
        74          0          0          0          0         80   sys_stackheap_outer.o
         2          0          0          0          0         68   use_no_semi.o

    ----------------------------------------------------------------------
       388         40          0          0         96        588   Library Totals
        34         28          0          0          0          0   (incl. Padding)

    ----------------------------------------------------------------------

      Code (inc. data)   RO Data    RW Data    ZI Data      Debug   Library Name

       354         12          0          0         96        588   c_w.l

    ----------------------------------------------------------------------
       388         40          0          0         96        588   Library Totals

    ----------------------------------------------------------------------

==============================================================================


      Code (inc. data)   RO Data    RW Data    ZI Data      Debug   

      9192       1028        292        144       1080     125387   Grand Totals
      9192       1028        292        144       1080     125387   ELF Image Totals
      9192       1028        292        144          0          0   ROM Totals

==============================================================================

    Total RO  Size (Code + RO Data)                 9484 (   9.26kB)
    Total RW  Size (RW Data + ZI Data)              1224 (   1.20kB)
    Total ROM Size (Code + RO Data + RW Data)       9628 (   9.40kB)

==============================================================================

