ARM Linker, 5.02 [Build 28] [MDK-ARM Lite]

==============================================================================

Section Cross References

    startup_lpc17xx.o(STACK) refers (Special) to heapauxi.o(.text) for __use_two_region_memory
    startup_lpc17xx.o(HEAP) refers (Special) to heapauxi.o(.text) for __use_two_region_memory
    startup_lpc17xx.o(RESET) refers (Special) to heapauxi.o(.text) for __use_two_region_memory
    startup_lpc17xx.o(RESET) refers to startup_lpc17xx.o(STACK) for __initial_sp
    startup_lpc17xx.o(RESET) refers to startup_lpc17xx.o(.text) for Reset_Handler
    startup_lpc17xx.o(RESET) refers to hal.o(.emb_text) for SVC_Handler
    startup_lpc17xx.o(.ARM.__at_0x02FC) refers (Special) to heapauxi.o(.text) for __use_two_region_memory
    startup_lpc17xx.o(.text) refers (Special) to heapauxi.o(.text) for __use_two_region_memory
    startup_lpc17xx.o(.text) refers to system_lpc17xx.o(.text) for SystemInit
    startup_lpc17xx.o(.text) refers to __main.o(!!!main) for __main
    startup_lpc17xx.o(.text) refers to startup_lpc17xx.o(HEAP) for Heap_Mem
    startup_lpc17xx.o(.text) refers to startup_lpc17xx.o(STACK) for Stack_Mem
    system_lpc17xx.o(.text) refers to system_lpc17xx.o(.data) for SystemFrequency
    main.o(.text) refers to memory.o(.text) for memory_init
    main.o(.text) refers to process.o(.text) for process_init
    main.o(.text) refers to message.o(.text) for message_init
    main.o(.text) refers to system_lpc17xx.o(.text) for SystemInit
    main.o(.text) refers to uart_polling.o(.text) for uart_init
    main.o(.text) refers to noretval__2printf.o(.text) for __2printf
    memory.o(.text) refers to pq.o(.text) for insert_pq
    memory.o(.text) refers to process.o(.text) for k_release_processor
    memory.o(.text) refers to memory.o(.data) for MEMORY_SIZE
    memory.o(.text) refers to process.o(.data) for current_process
    memory.o(.text) refers to memory.o(.bss) for mem_pq
    process.o(.text) refers to pq.o(.text) for insert_pq
    process.o(.text) refers to usr_proc.o(.text) for __initialize_processes
    process.o(.text) refers to hal.o(.emb_text) for __rte
    process.o(.text) refers to process.o(.bss) for p_pq
    process.o(.text) refers to usr_proc.o(.bss) for pcb_list
    process.o(.text) refers to process.o(.data) for current_process
    retarget.o(.text) refers (Special) to use_no_semi.o(.text) for __use_no_semihosting_swi
    retarget.o(.text) refers to uart_polling.o(.text) for uart_put_char
    retarget.o(.data) refers (Special) to use_no_semi.o(.text) for __use_no_semihosting_swi
    usr_proc.o(.text) refers to _printf_percent.o(.ARM.Collect$$_printf_percent$$00000000) for _printf_percent
    usr_proc.o(.text) refers to _printf_d.o(.ARM.Collect$$_printf_percent$$00000009) for _printf_d
    usr_proc.o(.text) refers to _printf_dec.o(.text) for _printf_int_dec
    usr_proc.o(.text) refers to rt_memcpy_w.o(.text) for __aeabi_memcpy4
    usr_proc.o(.text) refers to memory.o(.text) for k_request_memory_block
    usr_proc.o(.text) refers to noretval__2printf.o(.text) for __2printf
    usr_proc.o(.text) refers to usr_proc.o(.constdata) for .constdata
    usr_proc.o(.text) refers to usr_proc.o(.bss) for pcb_list
    usr_proc.o(.text) refers to process.o(.text) for k_release_processor
    usr_proc.o(.text) refers to usr_proc.o(.data) for NUM_TESTS_PASSED
    usr_proc.o(.constdata) refers to usr_proc.o(.text) for null_process
    message.o(.text) refers to semaphore.o(.text) for semInit
    message.o(.text) refers to process.o(.text) for lookup_pid
    message.o(.text) refers to pq.o(.text) for lookup_pid_pq
    message.o(.text) refers to message.o(.data) for send
    message.o(.text) refers to process.o(.data) for current_process
    message.o(.text) refers to message.o(.bss) for msg_pq
    semaphore.o(.text) refers to process.o(.text) for remove_process_pq
    semaphore.o(.text) refers to pq.o(.text) for enqueue_q
    semaphore.o(.text) refers to process.o(.data) for current_process
    __2printf.o(.text) refers to _printf_char_file.o(.text) for _printf_char_file
    __2printf.o(.text) refers to retarget.o(.data) for __stdout
    noretval__2printf.o(.text) refers to _printf_char_file.o(.text) for _printf_char_file
    noretval__2printf.o(.text) refers to retarget.o(.data) for __stdout
    __printf.o(.text) refers to _printf_percent.o(.ARM.Collect$$_printf_percent$$00000000) for _printf_percent
    _printf_dec.o(.text) refers to _printf_intcommon.o(.text) for _printf_int_common
    __printf_flags.o(.text) refers to _printf_percent.o(.ARM.Collect$$_printf_percent$$00000000) for _printf_percent
    __printf_flags.o(.text) refers to __printf_flags.o(.constdata) for .constdata
    __printf_ss.o(.text) refers to _printf_percent.o(.ARM.Collect$$_printf_percent$$00000000) for _printf_percent
    __printf_flags_ss.o(.text) refers to _printf_percent.o(.ARM.Collect$$_printf_percent$$00000000) for _printf_percent
    __printf_flags_ss.o(.text) refers to __printf_flags_ss.o(.constdata) for .constdata
    __printf_wp.o(.text) refers to __printf_wp.o(i._is_digit) for _is_digit
    __printf_wp.o(.text) refers to _printf_percent.o(.ARM.Collect$$_printf_percent$$00000000) for _printf_percent
    __printf_flags_wp.o(.text) refers to __printf_wp.o(i._is_digit) for _is_digit
    __printf_flags_wp.o(.text) refers to _printf_percent.o(.ARM.Collect$$_printf_percent$$00000000) for _printf_percent
    __printf_flags_wp.o(.text) refers to __printf_flags_wp.o(.constdata) for .constdata
    __printf_ss_wp.o(.text) refers to __printf_wp.o(i._is_digit) for _is_digit
    __printf_ss_wp.o(.text) refers to _printf_percent.o(.ARM.Collect$$_printf_percent$$00000000) for _printf_percent
    __printf_flags_ss_wp.o(.text) refers to __printf_wp.o(i._is_digit) for _is_digit
    __printf_flags_ss_wp.o(.text) refers to _printf_percent.o(.ARM.Collect$$_printf_percent$$00000000) for _printf_percent
    __printf_flags_ss_wp.o(.text) refers to __printf_flags_ss_wp.o(.constdata) for .constdata
    _printf_d.o(.ARM.Collect$$_printf_percent$$00000009) refers (Weak) to _printf_dec.o(.text) for _printf_int_dec
    _printf_percent.o(.ARM.Collect$$_printf_percent$$00000000) refers (Special) to _printf_percent_end.o(.ARM.Collect$$_printf_percent$$00000017) for _printf_percent_end
    __main.o(!!!main) refers to rtentry.o(.ARM.Collect$$rtentry$$00000000) for __rt_entry
    rtentry.o(.ARM.Collect$$rtentry$$00000000) refers (Special) to rtentry2.o(.ARM.Collect$$rtentry$$0000000A) for __rt_entry_li
    rtentry.o(.ARM.Collect$$rtentry$$00000000) refers (Special) to rtentry2.o(.ARM.Collect$$rtentry$$0000000D) for __rt_entry_main
    rtentry.o(.ARM.Collect$$rtentry$$00000000) refers (Special) to rtentry2.o(.ARM.Collect$$rtentry$$0000000C) for __rt_entry_postli_1
    rtentry.o(.ARM.Collect$$rtentry$$00000000) refers (Special) to rtentry2.o(.ARM.Collect$$rtentry$$00000009) for __rt_entry_postsh_1
    rtentry.o(.ARM.Collect$$rtentry$$00000000) refers (Special) to rtentry2.o(.ARM.Collect$$rtentry$$00000002) for __rt_entry_presh_1
    rtentry.o(.ARM.Collect$$rtentry$$00000000) refers (Special) to rtentry4.o(.ARM.Collect$$rtentry$$00000004) for __rt_entry_sh
    _printf_char_file.o(.text) refers to _printf_char_common.o(.text) for _printf_char_common
    _printf_char_file.o(.text) refers to retarget.o(.text) for ferror
    rtentry2.o(.ARM.Collect$$rtentry$$00000008) refers to boardinit2.o(.text) for _platform_post_stackheap_init
    rtentry2.o(.ARM.Collect$$rtentry$$0000000A) refers to libinit.o(.ARM.Collect$$libinit$$00000000) for __rt_lib_init
    rtentry2.o(.ARM.Collect$$rtentry$$0000000B) refers to boardinit3.o(.text) for _platform_post_lib_init
    rtentry2.o(.ARM.Collect$$rtentry$$0000000D) refers to main.o(.text) for main
    rtentry2.o(.ARM.Collect$$rtentry$$0000000D) refers to exit.o(.text) for exit
    rtentry2.o(.ARM.exidx) refers to rtentry2.o(.ARM.Collect$$rtentry$$00000001) for .ARM.Collect$$rtentry$$00000001
    rtentry2.o(.ARM.exidx) refers to rtentry2.o(.ARM.Collect$$rtentry$$00000008) for .ARM.Collect$$rtentry$$00000008
    rtentry2.o(.ARM.exidx) refers to rtentry2.o(.ARM.Collect$$rtentry$$0000000A) for .ARM.Collect$$rtentry$$0000000A
    rtentry2.o(.ARM.exidx) refers to rtentry2.o(.ARM.Collect$$rtentry$$0000000B) for .ARM.Collect$$rtentry$$0000000B
    rtentry2.o(.ARM.exidx) refers to rtentry2.o(.ARM.Collect$$rtentry$$0000000D) for .ARM.Collect$$rtentry$$0000000D
    rtentry4.o(.ARM.Collect$$rtentry$$00000004) refers to sys_stackheap_outer.o(.text) for __user_setup_stackheap
    rtentry4.o(.ARM.exidx) refers to rtentry4.o(.ARM.Collect$$rtentry$$00000004) for .ARM.Collect$$rtentry$$00000004
    _printf_char_common.o(.text) refers to __printf.o(.text) for __printf
    sys_stackheap_outer.o(.text) refers to libspace.o(.text) for __user_perproc_libspace
    sys_stackheap_outer.o(.text) refers to startup_lpc17xx.o(.text) for __user_initial_stackheap
    exit.o(.text) refers to rtexit.o(.ARM.Collect$$rtexit$$00000000) for __rt_exit
    libinit.o(.ARM.Collect$$libinit$$00000000) refers (Special) to libinit2.o(.ARM.Collect$$libinit$$0000002C) for __rt_lib_init_alloca_1
    libinit.o(.ARM.Collect$$libinit$$00000000) refers (Special) to libinit2.o(.ARM.Collect$$libinit$$0000002A) for __rt_lib_init_argv_1
    libinit.o(.ARM.Collect$$libinit$$00000000) refers (Special) to libinit2.o(.ARM.Collect$$libinit$$00000019) for __rt_lib_init_atexit_1
    libinit.o(.ARM.Collect$$libinit$$00000000) refers (Special) to libinit2.o(.ARM.Collect$$libinit$$0000001F) for __rt_lib_init_clock_1
    libinit.o(.ARM.Collect$$libinit$$00000000) refers (Special) to libinit2.o(.ARM.Collect$$libinit$$00000030) for __rt_lib_init_cpp_1
    libinit.o(.ARM.Collect$$libinit$$00000000) refers (Special) to libinit2.o(.ARM.Collect$$libinit$$0000002E) for __rt_lib_init_exceptions_1
    libinit.o(.ARM.Collect$$libinit$$00000000) refers (Special) to libinit2.o(.ARM.Collect$$libinit$$00000002) for __rt_lib_init_fp_1
    libinit.o(.ARM.Collect$$libinit$$00000000) refers (Special) to libinit2.o(.ARM.Collect$$libinit$$0000001D) for __rt_lib_init_fp_trap_1
    libinit.o(.ARM.Collect$$libinit$$00000000) refers (Special) to libinit2.o(.ARM.Collect$$libinit$$00000021) for __rt_lib_init_getenv_1
    libinit.o(.ARM.Collect$$libinit$$00000000) refers (Special) to libinit2.o(.ARM.Collect$$libinit$$00000008) for __rt_lib_init_heap_1
    libinit.o(.ARM.Collect$$libinit$$00000000) refers (Special) to libinit2.o(.ARM.Collect$$libinit$$0000000F) for __rt_lib_init_lc_collate_1
    libinit.o(.ARM.Collect$$libinit$$00000000) refers (Special) to libinit2.o(.ARM.Collect$$libinit$$00000011) for __rt_lib_init_lc_ctype_1
    libinit.o(.ARM.Collect$$libinit$$00000000) refers (Special) to libinit2.o(.ARM.Collect$$libinit$$00000013) for __rt_lib_init_lc_monetary_1
    libinit.o(.ARM.Collect$$libinit$$00000000) refers (Special) to libinit2.o(.ARM.Collect$$libinit$$00000015) for __rt_lib_init_lc_numeric_1
    libinit.o(.ARM.Collect$$libinit$$00000000) refers (Special) to libinit2.o(.ARM.Collect$$libinit$$00000017) for __rt_lib_init_lc_time_1
    libinit.o(.ARM.Collect$$libinit$$00000000) refers (Special) to libinit2.o(.ARM.Collect$$libinit$$0000000C) for __rt_lib_init_rand_1
    libinit.o(.ARM.Collect$$libinit$$00000000) refers (Special) to libinit2.o(.ARM.Collect$$libinit$$00000031) for __rt_lib_init_return
    libinit.o(.ARM.Collect$$libinit$$00000000) refers (Special) to libinit2.o(.ARM.Collect$$libinit$$0000001B) for __rt_lib_init_signal_1
    libinit.o(.ARM.Collect$$libinit$$00000000) refers (Special) to libinit2.o(.ARM.Collect$$libinit$$00000023) for __rt_lib_init_stdio_1
    libinit.o(.ARM.Collect$$libinit$$00000000) refers (Special) to libinit2.o(.ARM.Collect$$libinit$$0000000A) for __rt_lib_init_user_alloc_1
    libspace.o(.text) refers to libspace.o(.bss) for __libspace_start
    rtexit.o(.ARM.Collect$$rtexit$$00000000) refers (Special) to rtexit2.o(.ARM.Collect$$rtexit$$00000004) for __rt_exit_exit
    rtexit.o(.ARM.Collect$$rtexit$$00000000) refers (Special) to rtexit2.o(.ARM.Collect$$rtexit$$00000003) for __rt_exit_ls
    rtexit.o(.ARM.Collect$$rtexit$$00000000) refers (Special) to rtexit2.o(.ARM.Collect$$rtexit$$00000002) for __rt_exit_prels_1
    rtexit.o(.ARM.exidx) refers (Special) to rtexit2.o(.ARM.Collect$$rtexit$$00000004) for __rt_exit_exit
    rtexit.o(.ARM.exidx) refers (Special) to rtexit2.o(.ARM.Collect$$rtexit$$00000003) for __rt_exit_ls
    rtexit.o(.ARM.exidx) refers (Special) to rtexit2.o(.ARM.Collect$$rtexit$$00000002) for __rt_exit_prels_1
    rtexit.o(.ARM.exidx) refers to rtexit.o(.ARM.Collect$$rtexit$$00000000) for .ARM.Collect$$rtexit$$00000000
    libinit2.o(.ARM.Collect$$libinit$$0000000E) refers to libinit2.o(.ARM.Collect$$libinit$$0000000D) for .ARM.Collect$$libinit$$0000000D
    libinit2.o(.ARM.Collect$$libinit$$00000010) refers to libinit2.o(.ARM.Collect$$libinit$$0000000D) for .ARM.Collect$$libinit$$0000000D
    libinit2.o(.ARM.Collect$$libinit$$00000012) refers to libinit2.o(.ARM.Collect$$libinit$$0000000D) for .ARM.Collect$$libinit$$0000000D
    libinit2.o(.ARM.Collect$$libinit$$00000014) refers to libinit2.o(.ARM.Collect$$libinit$$0000000D) for .ARM.Collect$$libinit$$0000000D
    libinit2.o(.ARM.Collect$$libinit$$00000016) refers to libinit2.o(.ARM.Collect$$libinit$$0000000D) for .ARM.Collect$$libinit$$0000000D
    libinit2.o(.ARM.Collect$$libinit$$00000024) refers to argv_veneer.o(.emb_text) for __ARM_argv_veneer
    libinit2.o(.ARM.Collect$$libinit$$00000025) refers to argv_veneer.o(.emb_text) for __ARM_argv_veneer
    rtexit2.o(.ARM.Collect$$rtexit$$00000003) refers to libshutdown.o(.ARM.Collect$$libshutdown$$00000000) for __rt_lib_shutdown
    rtexit2.o(.ARM.Collect$$rtexit$$00000004) refers to retarget.o(.text) for _sys_exit
    rtexit2.o(.ARM.exidx) refers to rtexit2.o(.ARM.Collect$$rtexit$$00000001) for .ARM.Collect$$rtexit$$00000001
    rtexit2.o(.ARM.exidx) refers to rtexit2.o(.ARM.Collect$$rtexit$$00000003) for .ARM.Collect$$rtexit$$00000003
    rtexit2.o(.ARM.exidx) refers to rtexit2.o(.ARM.Collect$$rtexit$$00000004) for .ARM.Collect$$rtexit$$00000004
    argv_veneer.o(.emb_text) refers to no_argv.o(.text) for __ARM_get_argv
    _get_argv_nomalloc.o(.text) refers (Special) to hrguard.o(.text) for __heap_region$guard
    _get_argv_nomalloc.o(.text) refers to defsig_rtmem_outer.o(.text) for __rt_SIGRTMEM
    _get_argv_nomalloc.o(.text) refers to sys_command.o(.text) for _sys_command_string
    libshutdown.o(.ARM.Collect$$libshutdown$$00000000) refers (Special) to libshutdown2.o(.ARM.Collect$$libshutdown$$00000006) for __rt_lib_shutdown_fp_trap_1
    libshutdown.o(.ARM.Collect$$libshutdown$$00000000) refers (Special) to libshutdown2.o(.ARM.Collect$$libshutdown$$0000000E) for __rt_lib_shutdown_heap_1
    libshutdown.o(.ARM.Collect$$libshutdown$$00000000) refers (Special) to libshutdown2.o(.ARM.Collect$$libshutdown$$0000000F) for __rt_lib_shutdown_return
    libshutdown.o(.ARM.Collect$$libshutdown$$00000000) refers (Special) to libshutdown2.o(.ARM.Collect$$libshutdown$$00000009) for __rt_lib_shutdown_signal_1
    libshutdown.o(.ARM.Collect$$libshutdown$$00000000) refers (Special) to libshutdown2.o(.ARM.Collect$$libshutdown$$00000003) for __rt_lib_shutdown_stdio_1
    libshutdown.o(.ARM.Collect$$libshutdown$$00000000) refers (Special) to libshutdown2.o(.ARM.Collect$$libshutdown$$0000000B) for __rt_lib_shutdown_user_alloc_1
    sys_command.o(.text) refers (Special) to use_no_semi.o(.text) for __I$use$semihosting
    sys_command.o(.text) refers (Special) to indicate_semi.o(.text) for __semihosting_library_function
    defsig_rtmem_outer.o(.text) refers to defsig_rtmem_inner.o(.text) for __rt_SIGRTMEM_inner
    defsig_rtmem_outer.o(.text) refers to defsig_exit.o(.text) for __sig_exit
    defsig_rtmem_formal.o(.text) refers to rt_raise.o(.text) for __rt_raise
    rt_raise.o(.text) refers to __raise.o(.text) for __raise
    rt_raise.o(.text) refers to retarget.o(.text) for _sys_exit
    defsig_exit.o(.text) refers to retarget.o(.text) for _sys_exit
    defsig_rtmem_inner.o(.text) refers to defsig_general.o(.text) for __default_signal_display
    __raise.o(.text) refers to defsig.o(CL$$defsig) for __default_signal_handler
    defsig_general.o(.text) refers to retarget.o(.text) for _ttywrch
    defsig.o(CL$$defsig) refers to defsig_rtmem_inner.o(.text) for __rt_SIGRTMEM_inner
    defsig_abrt_inner.o(.text) refers to defsig_general.o(.text) for __default_signal_display
    defsig_fpe_inner.o(.text) refers to defsig_general.o(.text) for __default_signal_display
    defsig_rtred_inner.o(.text) refers to defsig_general.o(.text) for __default_signal_display
    defsig_stak_inner.o(.text) refers to defsig_general.o(.text) for __default_signal_display
    defsig_pvfn_inner.o(.text) refers to defsig_general.o(.text) for __default_signal_display
    defsig_cppl_inner.o(.text) refers to defsig_general.o(.text) for __default_signal_display
    defsig_segv_inner.o(.text) refers to defsig_general.o(.text) for __default_signal_display
    defsig_other.o(.text) refers to defsig_general.o(.text) for __default_signal_display


==============================================================================

Removing Unused input sections from the image.

    Removing system_lpc17xx.o(.rev16_text), (4 bytes).
    Removing system_lpc17xx.o(.revsh_text), (4 bytes).
    Removing uart_polling.o(.rev16_text), (4 bytes).
    Removing uart_polling.o(.revsh_text), (4 bytes).
    Removing main.o(.rev16_text), (4 bytes).
    Removing main.o(.revsh_text), (4 bytes).
    Removing memory.o(.rev16_text), (4 bytes).
    Removing memory.o(.revsh_text), (4 bytes).
    Removing process.o(.rev16_text), (4 bytes).
    Removing process.o(.revsh_text), (4 bytes).
    Removing usr_proc.o(.rev16_text), (4 bytes).
    Removing usr_proc.o(.revsh_text), (4 bytes).
    Removing pq.o(.rev16_text), (4 bytes).
    Removing pq.o(.revsh_text), (4 bytes).
    Removing message.o(.rev16_text), (4 bytes).
    Removing message.o(.revsh_text), (4 bytes).
    Removing semaphore.o(.rev16_text), (4 bytes).
    Removing semaphore.o(.revsh_text), (4 bytes).

18 unused section(s) (total 72 bytes) removed from the image.

==============================================================================

Image Symbol Table

    Local Symbols

    Symbol Name                              Value     Ov Type        Size  Object(Section)

    RESET                                    0x00000000   Section      204  startup_lpc17xx.o(RESET)
    ../clib/angel/boardlib.s                 0x00000000   Number         0  boardinit1.o ABSOLUTE
    ../clib/angel/boardlib.s                 0x00000000   Number         0  boardshut.o ABSOLUTE
    ../clib/angel/boardlib.s                 0x00000000   Number         0  boardinit2.o ABSOLUTE
    ../clib/angel/boardlib.s                 0x00000000   Number         0  boardinit3.o ABSOLUTE
    ../clib/angel/handlers.s                 0x00000000   Number         0  __scatter_copy.o ABSOLUTE
    ../clib/angel/handlers.s                 0x00000000   Number         0  __scatter_zi.o ABSOLUTE
    ../clib/angel/kernel.s                   0x00000000   Number         0  rtexit2.o ABSOLUTE
    ../clib/angel/kernel.s                   0x00000000   Number         0  rtentry4.o ABSOLUTE
    ../clib/angel/kernel.s                   0x00000000   Number         0  rtentry.o ABSOLUTE
    ../clib/angel/kernel.s                   0x00000000   Number         0  rtexit.o ABSOLUTE
    ../clib/angel/kernel.s                   0x00000000   Number         0  rtentry2.o ABSOLUTE
    ../clib/angel/rt.s                       0x00000000   Number         0  rt_raise.o ABSOLUTE
    ../clib/angel/scatter.s                  0x00000000   Number         0  __scatter.o ABSOLUTE
    ../clib/angel/startup.s                  0x00000000   Number         0  __main.o ABSOLUTE
    ../clib/angel/sys.s                      0x00000000   Number         0  use_no_semi.o ABSOLUTE
    ../clib/angel/sys.s                      0x00000000   Number         0  indicate_semi.o ABSOLUTE
    ../clib/angel/sys.s                      0x00000000   Number         0  sys_stackheap_outer.o ABSOLUTE
    ../clib/angel/sys.s                      0x00000000   Number         0  libspace.o ABSOLUTE
    ../clib/angel/sysapp.c                   0x00000000   Number         0  sys_command.o ABSOLUTE
    ../clib/armsys.c                         0x00000000   Number         0  no_argv.o ABSOLUTE
    ../clib/armsys.c                         0x00000000   Number         0  _get_argv_nomalloc.o ABSOLUTE
    ../clib/armsys.c                         0x00000000   Number         0  argv_veneer.o ABSOLUTE
    ../clib/armsys.c                         0x00000000   Number         0  argv_veneer.o ABSOLUTE
    ../clib/heapalloc.c                      0x00000000   Number         0  hrguard.o ABSOLUTE
    ../clib/heapaux.c                        0x00000000   Number         0  heapauxi.o ABSOLUTE
    ../clib/libinit.s                        0x00000000   Number         0  libshutdown.o ABSOLUTE
    ../clib/libinit.s                        0x00000000   Number         0  libshutdown2.o ABSOLUTE
    ../clib/libinit.s                        0x00000000   Number         0  libinit.o ABSOLUTE
    ../clib/libinit.s                        0x00000000   Number         0  libinit2.o ABSOLUTE
    ../clib/memcpset.s                       0x00000000   Number         0  rt_memcpy_w.o ABSOLUTE
    ../clib/printf.c                         0x00000000   Number         0  __2printf.o ABSOLUTE
    ../clib/printf.c                         0x00000000   Number         0  noretval__2printf.o ABSOLUTE
    ../clib/printf.c                         0x00000000   Number         0  __printf.o ABSOLUTE
    ../clib/printf.c                         0x00000000   Number         0  _printf_dec.o ABSOLUTE
    ../clib/printf.c                         0x00000000   Number         0  __printf_flags.o ABSOLUTE
    ../clib/printf.c                         0x00000000   Number         0  __printf_ss.o ABSOLUTE
    ../clib/printf.c                         0x00000000   Number         0  __printf_flags_ss_wp.o ABSOLUTE
    ../clib/printf.c                         0x00000000   Number         0  __printf_flags_ss.o ABSOLUTE
    ../clib/printf.c                         0x00000000   Number         0  __printf_flags_wp.o ABSOLUTE
    ../clib/printf.c                         0x00000000   Number         0  __printf_ss_wp.o ABSOLUTE
    ../clib/printf.c                         0x00000000   Number         0  __printf_nopercent.o ABSOLUTE
    ../clib/printf.c                         0x00000000   Number         0  _printf_intcommon.o ABSOLUTE
    ../clib/printf.c                         0x00000000   Number         0  _printf_char_common.o ABSOLUTE
    ../clib/printf.c                         0x00000000   Number         0  _printf_char_file.o ABSOLUTE
    ../clib/printf.c                         0x00000000   Number         0  __printf_wp.o ABSOLUTE
    ../clib/printf_percent.s                 0x00000000   Number         0  _printf_d.o ABSOLUTE
    ../clib/printf_percent.s                 0x00000000   Number         0  _printf_percent.o ABSOLUTE
    ../clib/printf_percent.s                 0x00000000   Number         0  _printf_percent_end.o ABSOLUTE
    ../clib/signal.c                         0x00000000   Number         0  defsig_cppl_inner.o ABSOLUTE
    ../clib/signal.c                         0x00000000   Number         0  defsig_segv_inner.o ABSOLUTE
    ../clib/signal.c                         0x00000000   Number         0  defsig_other.o ABSOLUTE
    ../clib/signal.c                         0x00000000   Number         0  defsig_general.o ABSOLUTE
    ../clib/signal.c                         0x00000000   Number         0  defsig_pvfn_inner.o ABSOLUTE
    ../clib/signal.c                         0x00000000   Number         0  defsig_rtmem_outer.o ABSOLUTE
    ../clib/signal.c                         0x00000000   Number         0  defsig_rtmem_formal.o ABSOLUTE
    ../clib/signal.c                         0x00000000   Number         0  defsig_exit.o ABSOLUTE
    ../clib/signal.c                         0x00000000   Number         0  defsig_rtmem_inner.o ABSOLUTE
    ../clib/signal.c                         0x00000000   Number         0  __raise.o ABSOLUTE
    ../clib/signal.c                         0x00000000   Number         0  defsig_abrt_inner.o ABSOLUTE
    ../clib/signal.c                         0x00000000   Number         0  defsig_fpe_inner.o ABSOLUTE
    ../clib/signal.c                         0x00000000   Number         0  defsig_rtred_inner.o ABSOLUTE
    ../clib/signal.c                         0x00000000   Number         0  defsig_stak_inner.o ABSOLUTE
    ../clib/signal.s                         0x00000000   Number         0  defsig.o ABSOLUTE
    ../clib/stdlib.c                         0x00000000   Number         0  exit.o ABSOLUTE
    ../fplib/fpinit.s                        0x00000000   Number         0  fpinit.o ABSOLUTE
    HAL.c                                    0x00000000   Number         0  hal.o ABSOLUTE
    HAL.c                                    0x00000000   Number         0  hal.o ABSOLUTE
    Retarget.c                               0x00000000   Number         0  retarget.o ABSOLUTE
    dc.s                                     0x00000000   Number         0  dc.o ABSOLUTE
    main.c                                   0x00000000   Number         0  main.o ABSOLUTE
    main.c                                   0x00000000   Number         0  main.o ABSOLUTE
    memory.c                                 0x00000000   Number         0  memory.o ABSOLUTE
    memory.c                                 0x00000000   Number         0  memory.o ABSOLUTE
    message.c                                0x00000000   Number         0  message.o ABSOLUTE
    message.c                                0x00000000   Number         0  message.o ABSOLUTE
    pq.c                                     0x00000000   Number         0  pq.o ABSOLUTE
    pq.c                                     0x00000000   Number         0  pq.o ABSOLUTE
    process.c                                0x00000000   Number         0  process.o ABSOLUTE
    process.c                                0x00000000   Number         0  process.o ABSOLUTE
    semaphore.c                              0x00000000   Number         0  semaphore.o ABSOLUTE
    semaphore.c                              0x00000000   Number         0  semaphore.o ABSOLUTE
    startup_LPC17xx.s                        0x00000000   Number         0  startup_lpc17xx.o ABSOLUTE
    system_LPC17xx.c                         0x00000000   Number         0  system_lpc17xx.o ABSOLUTE
    system_LPC17xx.c                         0x00000000   Number         0  system_lpc17xx.o ABSOLUTE
    uart_polling.c                           0x00000000   Number         0  uart_polling.o ABSOLUTE
    uart_polling.c                           0x00000000   Number         0  uart_polling.o ABSOLUTE
    usr_proc.c                               0x00000000   Number         0  usr_proc.o ABSOLUTE
    usr_proc.c                               0x00000000   Number         0  usr_proc.o ABSOLUTE
    !!!main                                  0x000000cc   Section        8  __main.o(!!!main)
    !!!scatter                               0x000000d4   Section       52  __scatter.o(!!!scatter)
    !!handler_copy                           0x00000108   Section       26  __scatter_copy.o(!!handler_copy)
    !!handler_zi                             0x00000124   Section       28  __scatter_zi.o(!!handler_zi)
    .ARM.Collect$$_printf_percent$$00000000  0x00000140   Section        0  _printf_percent.o(.ARM.Collect$$_printf_percent$$00000000)
    .ARM.Collect$$_printf_percent$$00000009  0x00000140   Section        6  _printf_d.o(.ARM.Collect$$_printf_percent$$00000009)
    .ARM.Collect$$_printf_percent$$00000017  0x00000146   Section        4  _printf_percent_end.o(.ARM.Collect$$_printf_percent$$00000017)
    .ARM.Collect$$libinit$$00000000          0x0000014a   Section        2  libinit.o(.ARM.Collect$$libinit$$00000000)
    .ARM.Collect$$libinit$$00000002          0x0000014c   Section        0  libinit2.o(.ARM.Collect$$libinit$$00000002)
    .ARM.Collect$$libinit$$00000008          0x0000014c   Section        0  libinit2.o(.ARM.Collect$$libinit$$00000008)
    .ARM.Collect$$libinit$$0000000A          0x0000014c   Section        0  libinit2.o(.ARM.Collect$$libinit$$0000000A)
    .ARM.Collect$$libinit$$0000000C          0x0000014c   Section        0  libinit2.o(.ARM.Collect$$libinit$$0000000C)
    .ARM.Collect$$libinit$$0000000F          0x0000014c   Section        0  libinit2.o(.ARM.Collect$$libinit$$0000000F)
    .ARM.Collect$$libinit$$00000011          0x0000014c   Section        0  libinit2.o(.ARM.Collect$$libinit$$00000011)
    .ARM.Collect$$libinit$$00000013          0x0000014c   Section        0  libinit2.o(.ARM.Collect$$libinit$$00000013)
    .ARM.Collect$$libinit$$00000015          0x0000014c   Section        0  libinit2.o(.ARM.Collect$$libinit$$00000015)
    .ARM.Collect$$libinit$$00000017          0x0000014c   Section        0  libinit2.o(.ARM.Collect$$libinit$$00000017)
    .ARM.Collect$$libinit$$00000019          0x0000014c   Section        0  libinit2.o(.ARM.Collect$$libinit$$00000019)
    .ARM.Collect$$libinit$$0000001B          0x0000014c   Section        0  libinit2.o(.ARM.Collect$$libinit$$0000001B)
    .ARM.Collect$$libinit$$0000001D          0x0000014c   Section        0  libinit2.o(.ARM.Collect$$libinit$$0000001D)
    .ARM.Collect$$libinit$$0000001F          0x0000014c   Section        0  libinit2.o(.ARM.Collect$$libinit$$0000001F)
    .ARM.Collect$$libinit$$00000021          0x0000014c   Section        0  libinit2.o(.ARM.Collect$$libinit$$00000021)
    .ARM.Collect$$libinit$$00000023          0x0000014c   Section        0  libinit2.o(.ARM.Collect$$libinit$$00000023)
    .ARM.Collect$$libinit$$0000002A          0x0000014c   Section        0  libinit2.o(.ARM.Collect$$libinit$$0000002A)
    .ARM.Collect$$libinit$$0000002C          0x0000014c   Section        0  libinit2.o(.ARM.Collect$$libinit$$0000002C)
    .ARM.Collect$$libinit$$0000002E          0x0000014c   Section        0  libinit2.o(.ARM.Collect$$libinit$$0000002E)
    .ARM.Collect$$libinit$$00000030          0x0000014c   Section        0  libinit2.o(.ARM.Collect$$libinit$$00000030)
    .ARM.Collect$$libinit$$00000031          0x0000014c   Section        2  libinit2.o(.ARM.Collect$$libinit$$00000031)
    .ARM.Collect$$libshutdown$$00000000      0x0000014e   Section        2  libshutdown.o(.ARM.Collect$$libshutdown$$00000000)
    .ARM.Collect$$libshutdown$$00000003      0x00000150   Section        0  libshutdown2.o(.ARM.Collect$$libshutdown$$00000003)
    .ARM.Collect$$libshutdown$$00000006      0x00000150   Section        0  libshutdown2.o(.ARM.Collect$$libshutdown$$00000006)
    .ARM.Collect$$libshutdown$$00000009      0x00000150   Section        0  libshutdown2.o(.ARM.Collect$$libshutdown$$00000009)
    .ARM.Collect$$libshutdown$$0000000B      0x00000150   Section        0  libshutdown2.o(.ARM.Collect$$libshutdown$$0000000B)
    .ARM.Collect$$libshutdown$$0000000E      0x00000150   Section        0  libshutdown2.o(.ARM.Collect$$libshutdown$$0000000E)
    .ARM.Collect$$libshutdown$$0000000F      0x00000150   Section        2  libshutdown2.o(.ARM.Collect$$libshutdown$$0000000F)
    .ARM.Collect$$rtentry$$00000000          0x00000152   Section        0  rtentry.o(.ARM.Collect$$rtentry$$00000000)
    .ARM.Collect$$rtentry$$00000002          0x00000152   Section        0  rtentry2.o(.ARM.Collect$$rtentry$$00000002)
    .ARM.Collect$$rtentry$$00000004          0x00000152   Section        6  rtentry4.o(.ARM.Collect$$rtentry$$00000004)
    .ARM.Collect$$rtentry$$00000009          0x00000158   Section        0  rtentry2.o(.ARM.Collect$$rtentry$$00000009)
    .ARM.Collect$$rtentry$$0000000A          0x00000158   Section        4  rtentry2.o(.ARM.Collect$$rtentry$$0000000A)
    .ARM.Collect$$rtentry$$0000000C          0x0000015c   Section        0  rtentry2.o(.ARM.Collect$$rtentry$$0000000C)
    .ARM.Collect$$rtentry$$0000000D          0x0000015c   Section        8  rtentry2.o(.ARM.Collect$$rtentry$$0000000D)
    .ARM.Collect$$rtexit$$00000000           0x00000164   Section        2  rtexit.o(.ARM.Collect$$rtexit$$00000000)
    .ARM.Collect$$rtexit$$00000002           0x00000166   Section        0  rtexit2.o(.ARM.Collect$$rtexit$$00000002)
    .ARM.Collect$$rtexit$$00000003           0x00000166   Section        4  rtexit2.o(.ARM.Collect$$rtexit$$00000003)
    .ARM.Collect$$rtexit$$00000004           0x0000016a   Section        6  rtexit2.o(.ARM.Collect$$rtexit$$00000004)
    .emb_text                                0x00000170   Section       42  hal.o(.emb_text)
    .text                                    0x0000019c   Section       60  startup_lpc17xx.o(.text)
    .text                                    0x000001d8   Section        0  uart_polling.o(.text)
    .text                                    0x000002b4   Section        2  use_no_semi.o(.text)
    .text                                    0x000002b8   Section        0  noretval__2printf.o(.text)
    .text                                    0x000002d0   Section        0  heapauxi.o(.text)
    .text                                    0x000002d8   Section        0  _printf_char_file.o(.text)
    .ARM.__at_0x02FC                         0x000002fc   Section        4  startup_lpc17xx.o(.ARM.__at_0x02FC)
    .text                                    0x00000300   Section        0  system_lpc17xx.o(.text)
    .text                                    0x0000051c   Section        0  main.o(.text)
    .text                                    0x000005a4   Section        0  memory.o(.text)
    .text                                    0x00000694   Section        0  process.o(.text)
    .text                                    0x00000848   Section        0  retarget.o(.text)
    .text                                    0x000008a0   Section        0  usr_proc.o(.text)
    .text                                    0x00000ec8   Section        0  pq.o(.text)
    .text                                    0x00000ff4   Section        0  message.o(.text)
    .text                                    0x00001104   Section        0  semaphore.o(.text)
    .text                                    0x0000116c   Section        0  __printf.o(.text)
    .text                                    0x000011d8   Section        0  _printf_dec.o(.text)
    .text                                    0x00001250   Section      100  rt_memcpy_w.o(.text)
    .text                                    0x000012b4   Section        0  _printf_intcommon.o(.text)
    .text                                    0x0000136c   Section        0  _printf_char_common.o(.text)
    _printf_input_char                       0x0000136d   Thumb Code    10  _printf_char_common.o(.text)
    .text                                    0x0000139c   Section       74  sys_stackheap_outer.o(.text)
    .text                                    0x000013e6   Section        0  exit.o(.text)
    .text                                    0x000013f4   Section        8  libspace.o(.text)
    .constdata                               0x000013fc   Section       56  usr_proc.o(.constdata)
    .data                                    0x10000000   Section        4  system_lpc17xx.o(.data)
    .data                                    0x10000004   Section       12  memory.o(.data)
    memory_list                              0x10000004   Data           4  memory.o(.data)
    MEMORY_SIZE                              0x10000008   Data           4  memory.o(.data)
    NUM_MEMORY_BLOCKS                        0x1000000c   Data           4  memory.o(.data)
    .data                                    0x10000010   Section        4  process.o(.data)
    .data                                    0x10000014   Section        8  retarget.o(.data)
    .data                                    0x1000001c   Section       40  usr_proc.o(.data)
    .data                                    0x10000044   Section       16  message.o(.data)
    .bss                                     0x10000054   Section       16  memory.o(.bss)
    .bss                                     0x10000064   Section       16  process.o(.bss)
    p_pq                                     0x10000064   Data          16  process.o(.bss)
    .bss                                     0x10000074   Section      112  usr_proc.o(.bss)
    .bss                                     0x100000e4   Section       16  message.o(.bss)
    .bss                                     0x100000f4   Section       96  libspace.o(.bss)
    HEAP                                     0x10000158   Section        0  startup_lpc17xx.o(HEAP)
    STACK                                    0x10000158   Section      512  startup_lpc17xx.o(STACK)
    Heap_Mem                                 0x10000158   Data           0  startup_lpc17xx.o(HEAP)
    Stack_Mem                                0x10000158   Data         512  startup_lpc17xx.o(STACK)
    __initial_sp                             0x10000358   Data           0  startup_lpc17xx.o(STACK)

    Global Symbols

    Symbol Name                              Value     Ov Type        Size  Object(Section)

    BuildAttributes$$THM_ISAv4$P$D$K$B$S$PE$A:L22UL41UL21$X:L11$S22US41US21$IEEE1$IW$USESV6$~STKCKD$USESV7$~SHL$OSPACE$ROPI$EBA8$UX$STANDARDLIB$REQ8$PRES8$EABIv2 0x00000000   Number         0  anon$$obj.o ABSOLUTE
    __ARM_use_no_argv                        0x00000000   Number         0  main.o ABSOLUTE
    __Vectors                                0x00000000   Data           4  startup_lpc17xx.o(RESET)
    __ARM_exceptions_init                     - Undefined Weak Reference
    __alloca_initialize                       - Undefined Weak Reference
    __cpp_initialize__aeabi_                  - Undefined Weak Reference
    __cxa_finalize                            - Undefined Weak Reference
    __rt_locale                               - Undefined Weak Reference
    __sigvec_lookup                           - Undefined Weak Reference
    _atexit_init                              - Undefined Weak Reference
    _call_atexit_fns                          - Undefined Weak Reference
    _clock_init                               - Undefined Weak Reference
    _fp_trap_init                             - Undefined Weak Reference
    _fp_trap_shutdown                         - Undefined Weak Reference
    _get_lc_collate                           - Undefined Weak Reference
    _get_lc_ctype                             - Undefined Weak Reference
    _get_lc_monetary                          - Undefined Weak Reference
    _get_lc_numeric                           - Undefined Weak Reference
    _get_lc_time                              - Undefined Weak Reference
    _getenv_init                              - Undefined Weak Reference
    _handle_redirection                       - Undefined Weak Reference
    _init_alloc                               - Undefined Weak Reference
    _init_user_alloc                          - Undefined Weak Reference
    _initio                                   - Undefined Weak Reference
    _printf_post_padding                      - Undefined Weak Reference
    _printf_pre_padding                       - Undefined Weak Reference
    _printf_truncate_signed                   - Undefined Weak Reference
    _printf_truncate_unsigned                 - Undefined Weak Reference
    _rand_init                                - Undefined Weak Reference
    _signal_finish                            - Undefined Weak Reference
    _signal_init                              - Undefined Weak Reference
    _terminate_alloc                          - Undefined Weak Reference
    _terminate_user_alloc                     - Undefined Weak Reference
    _terminateio                              - Undefined Weak Reference
    __main                                   0x000000cd   Thumb Code     8  __main.o(!!!main)
    __scatterload                            0x000000d5   Thumb Code     0  __scatter.o(!!!scatter)
    __scatterload_rt2                        0x000000d5   Thumb Code    44  __scatter.o(!!!scatter)
    __scatterload_rt2_thumb_only             0x000000d5   Thumb Code     0  __scatter.o(!!!scatter)
    __scatterload_null                       0x000000e3   Thumb Code     0  __scatter.o(!!!scatter)
    __scatterload_copy                       0x00000109   Thumb Code    26  __scatter_copy.o(!!handler_copy)
    __scatterload_zeroinit                   0x00000125   Thumb Code    28  __scatter_zi.o(!!handler_zi)
    _printf_d                                0x00000141   Thumb Code     0  _printf_d.o(.ARM.Collect$$_printf_percent$$00000009)
    _printf_percent                          0x00000141   Thumb Code     0  _printf_percent.o(.ARM.Collect$$_printf_percent$$00000000)
    _printf_percent_end                      0x00000147   Thumb Code     0  _printf_percent_end.o(.ARM.Collect$$_printf_percent$$00000017)
    __rt_lib_init                            0x0000014b   Thumb Code     0  libinit.o(.ARM.Collect$$libinit$$00000000)
    __rt_lib_init_alloca_1                   0x0000014d   Thumb Code     0  libinit2.o(.ARM.Collect$$libinit$$0000002C)
    __rt_lib_init_argv_1                     0x0000014d   Thumb Code     0  libinit2.o(.ARM.Collect$$libinit$$0000002A)
    __rt_lib_init_atexit_1                   0x0000014d   Thumb Code     0  libinit2.o(.ARM.Collect$$libinit$$00000019)
    __rt_lib_init_clock_1                    0x0000014d   Thumb Code     0  libinit2.o(.ARM.Collect$$libinit$$0000001F)
    __rt_lib_init_cpp_1                      0x0000014d   Thumb Code     0  libinit2.o(.ARM.Collect$$libinit$$00000030)
    __rt_lib_init_exceptions_1               0x0000014d   Thumb Code     0  libinit2.o(.ARM.Collect$$libinit$$0000002E)
    __rt_lib_init_fp_1                       0x0000014d   Thumb Code     0  libinit2.o(.ARM.Collect$$libinit$$00000002)
    __rt_lib_init_fp_trap_1                  0x0000014d   Thumb Code     0  libinit2.o(.ARM.Collect$$libinit$$0000001D)
    __rt_lib_init_getenv_1                   0x0000014d   Thumb Code     0  libinit2.o(.ARM.Collect$$libinit$$00000021)
    __rt_lib_init_heap_1                     0x0000014d   Thumb Code     0  libinit2.o(.ARM.Collect$$libinit$$00000008)
    __rt_lib_init_lc_collate_1               0x0000014d   Thumb Code     0  libinit2.o(.ARM.Collect$$libinit$$0000000F)
    __rt_lib_init_lc_ctype_1                 0x0000014d   Thumb Code     0  libinit2.o(.ARM.Collect$$libinit$$00000011)
    __rt_lib_init_lc_monetary_1              0x0000014d   Thumb Code     0  libinit2.o(.ARM.Collect$$libinit$$00000013)
    __rt_lib_init_lc_numeric_1               0x0000014d   Thumb Code     0  libinit2.o(.ARM.Collect$$libinit$$00000015)
    __rt_lib_init_lc_time_1                  0x0000014d   Thumb Code     0  libinit2.o(.ARM.Collect$$libinit$$00000017)
    __rt_lib_init_rand_1                     0x0000014d   Thumb Code     0  libinit2.o(.ARM.Collect$$libinit$$0000000C)
    __rt_lib_init_return                     0x0000014d   Thumb Code     0  libinit2.o(.ARM.Collect$$libinit$$00000031)
    __rt_lib_init_signal_1                   0x0000014d   Thumb Code     0  libinit2.o(.ARM.Collect$$libinit$$0000001B)
    __rt_lib_init_stdio_1                    0x0000014d   Thumb Code     0  libinit2.o(.ARM.Collect$$libinit$$00000023)
    __rt_lib_init_user_alloc_1               0x0000014d   Thumb Code     0  libinit2.o(.ARM.Collect$$libinit$$0000000A)
    __rt_lib_shutdown                        0x0000014f   Thumb Code     0  libshutdown.o(.ARM.Collect$$libshutdown$$00000000)
    __rt_lib_shutdown_fp_trap_1              0x00000151   Thumb Code     0  libshutdown2.o(.ARM.Collect$$libshutdown$$00000006)
    __rt_lib_shutdown_heap_1                 0x00000151   Thumb Code     0  libshutdown2.o(.ARM.Collect$$libshutdown$$0000000E)
    __rt_lib_shutdown_return                 0x00000151   Thumb Code     0  libshutdown2.o(.ARM.Collect$$libshutdown$$0000000F)
    __rt_lib_shutdown_signal_1               0x00000151   Thumb Code     0  libshutdown2.o(.ARM.Collect$$libshutdown$$00000009)
    __rt_lib_shutdown_stdio_1                0x00000151   Thumb Code     0  libshutdown2.o(.ARM.Collect$$libshutdown$$00000003)
    __rt_lib_shutdown_user_alloc_1           0x00000151   Thumb Code     0  libshutdown2.o(.ARM.Collect$$libshutdown$$0000000B)
    __rt_entry                               0x00000153   Thumb Code     0  rtentry.o(.ARM.Collect$$rtentry$$00000000)
    __rt_entry_presh_1                       0x00000153   Thumb Code     0  rtentry2.o(.ARM.Collect$$rtentry$$00000002)
    __rt_entry_sh                            0x00000153   Thumb Code     0  rtentry4.o(.ARM.Collect$$rtentry$$00000004)
    __rt_entry_li                            0x00000159   Thumb Code     0  rtentry2.o(.ARM.Collect$$rtentry$$0000000A)
    __rt_entry_postsh_1                      0x00000159   Thumb Code     0  rtentry2.o(.ARM.Collect$$rtentry$$00000009)
    __rt_entry_main                          0x0000015d   Thumb Code     0  rtentry2.o(.ARM.Collect$$rtentry$$0000000D)
    __rt_entry_postli_1                      0x0000015d   Thumb Code     0  rtentry2.o(.ARM.Collect$$rtentry$$0000000C)
    __rt_exit                                0x00000165   Thumb Code     0  rtexit.o(.ARM.Collect$$rtexit$$00000000)
    __rt_exit_ls                             0x00000167   Thumb Code     0  rtexit2.o(.ARM.Collect$$rtexit$$00000003)
    __rt_exit_prels_1                        0x00000167   Thumb Code     0  rtexit2.o(.ARM.Collect$$rtexit$$00000002)
    __rt_exit_exit                           0x0000016b   Thumb Code     0  rtexit2.o(.ARM.Collect$$rtexit$$00000004)
    __rte                                    0x00000171   Thumb Code     6  hal.o(.emb_text)
    SVC_Handler                              0x00000177   Thumb Code    36  hal.o(.emb_text)
    Reset_Handler                            0x0000019d   Thumb Code     8  startup_lpc17xx.o(.text)
    NMI_Handler                              0x000001a5   Thumb Code     2  startup_lpc17xx.o(.text)
    HardFault_Handler                        0x000001a7   Thumb Code     2  startup_lpc17xx.o(.text)
    MemManage_Handler                        0x000001a9   Thumb Code     2  startup_lpc17xx.o(.text)
    BusFault_Handler                         0x000001ab   Thumb Code     2  startup_lpc17xx.o(.text)
    UsageFault_Handler                       0x000001ad   Thumb Code     2  startup_lpc17xx.o(.text)
    DebugMon_Handler                         0x000001b1   Thumb Code     2  startup_lpc17xx.o(.text)
    PendSV_Handler                           0x000001b3   Thumb Code     2  startup_lpc17xx.o(.text)
    SysTick_Handler                          0x000001b5   Thumb Code     2  startup_lpc17xx.o(.text)
    ADC_IRQHandler                           0x000001b7   Thumb Code     0  startup_lpc17xx.o(.text)
    BOD_IRQHandler                           0x000001b7   Thumb Code     0  startup_lpc17xx.o(.text)
    CANActivity_IRQHandler                   0x000001b7   Thumb Code     0  startup_lpc17xx.o(.text)
    CAN_IRQHandler                           0x000001b7   Thumb Code     0  startup_lpc17xx.o(.text)
    DMA_IRQHandler                           0x000001b7   Thumb Code     0  startup_lpc17xx.o(.text)
    EINT0_IRQHandler                         0x000001b7   Thumb Code     0  startup_lpc17xx.o(.text)
    EINT1_IRQHandler                         0x000001b7   Thumb Code     0  startup_lpc17xx.o(.text)
    EINT2_IRQHandler                         0x000001b7   Thumb Code     0  startup_lpc17xx.o(.text)
    EINT3_IRQHandler                         0x000001b7   Thumb Code     0  startup_lpc17xx.o(.text)
    ENET_IRQHandler                          0x000001b7   Thumb Code     0  startup_lpc17xx.o(.text)
    I2C0_IRQHandler                          0x000001b7   Thumb Code     0  startup_lpc17xx.o(.text)
    I2C1_IRQHandler                          0x000001b7   Thumb Code     0  startup_lpc17xx.o(.text)
    I2C2_IRQHandler                          0x000001b7   Thumb Code     0  startup_lpc17xx.o(.text)
    I2S_IRQHandler                           0x000001b7   Thumb Code     0  startup_lpc17xx.o(.text)
    MCPWM_IRQHandler                         0x000001b7   Thumb Code     0  startup_lpc17xx.o(.text)
    PLL0_IRQHandler                          0x000001b7   Thumb Code     0  startup_lpc17xx.o(.text)
    PLL1_IRQHandler                          0x000001b7   Thumb Code     0  startup_lpc17xx.o(.text)
    PWM1_IRQHandler                          0x000001b7   Thumb Code     0  startup_lpc17xx.o(.text)
    QEI_IRQHandler                           0x000001b7   Thumb Code     0  startup_lpc17xx.o(.text)
    RIT_IRQHandler                           0x000001b7   Thumb Code     0  startup_lpc17xx.o(.text)
    RTC_IRQHandler                           0x000001b7   Thumb Code     0  startup_lpc17xx.o(.text)
    SPI_IRQHandler                           0x000001b7   Thumb Code     0  startup_lpc17xx.o(.text)
    SSP0_IRQHandler                          0x000001b7   Thumb Code     0  startup_lpc17xx.o(.text)
    SSP1_IRQHandler                          0x000001b7   Thumb Code     0  startup_lpc17xx.o(.text)
    TIMER0_IRQHandler                        0x000001b7   Thumb Code     0  startup_lpc17xx.o(.text)
    TIMER1_IRQHandler                        0x000001b7   Thumb Code     0  startup_lpc17xx.o(.text)
    TIMER2_IRQHandler                        0x000001b7   Thumb Code     0  startup_lpc17xx.o(.text)
    TIMER3_IRQHandler                        0x000001b7   Thumb Code     0  startup_lpc17xx.o(.text)
    UART0_IRQHandler                         0x000001b7   Thumb Code     0  startup_lpc17xx.o(.text)
    UART1_IRQHandler                         0x000001b7   Thumb Code     0  startup_lpc17xx.o(.text)
    UART2_IRQHandler                         0x000001b7   Thumb Code     0  startup_lpc17xx.o(.text)
    UART3_IRQHandler                         0x000001b7   Thumb Code     0  startup_lpc17xx.o(.text)
    USBActivity_IRQHandler                   0x000001b7   Thumb Code     0  startup_lpc17xx.o(.text)
    USB_IRQHandler                           0x000001b7   Thumb Code     0  startup_lpc17xx.o(.text)
    WDT_IRQHandler                           0x000001b7   Thumb Code     0  startup_lpc17xx.o(.text)
    __user_initial_stackheap                 0x000001b9   Thumb Code     0  startup_lpc17xx.o(.text)
    uart_init                                0x000001d9   Thumb Code    94  uart_polling.o(.text)
    uart_get_char                            0x00000237   Thumb Code    36  uart_polling.o(.text)
    uart_put_char                            0x0000025b   Thumb Code    38  uart_polling.o(.text)
    uart_put_string                          0x00000281   Thumb Code    38  uart_polling.o(.text)
    __I$use$semihosting                      0x000002b5   Thumb Code     0  use_no_semi.o(.text)
    __use_no_semihosting_swi                 0x000002b5   Thumb Code     2  use_no_semi.o(.text)
    __2printf                                0x000002b9   Thumb Code    20  noretval__2printf.o(.text)
    __use_two_region_memory                  0x000002d1   Thumb Code     2  heapauxi.o(.text)
    __rt_heap_escrow$2region                 0x000002d3   Thumb Code     2  heapauxi.o(.text)
    __rt_heap_expand$2region                 0x000002d5   Thumb Code     2  heapauxi.o(.text)
    _printf_char_file                        0x000002d9   Thumb Code    32  _printf_char_file.o(.text)
    SystemInit                               0x00000301   Thumb Code   476  system_lpc17xx.o(.text)
    __init                                   0x0000051d   Thumb Code    16  main.o(.text)
    main                                     0x0000052d   Thumb Code    66  main.o(.text)
    memory_init                              0x000005a5   Thumb Code    70  memory.o(.text)
    k_request_memory_block                   0x000005eb   Thumb Code    68  memory.o(.text)
    k_release_memory_block                   0x0000062f   Thumb Code    74  memory.o(.text)
    insert_process_pq                        0x00000695   Thumb Code    14  process.o(.text)
    remove_process_pq                        0x000006a3   Thumb Code    14  process.o(.text)
    scheduler                                0x000006b1   Thumb Code    46  process.o(.text)
    lookup_pid                               0x000006df   Thumb Code    36  process.o(.text)
    k_get_process_priority                   0x00000703   Thumb Code    24  process.o(.text)
    k_set_process_priority                   0x0000071b   Thumb Code    36  process.o(.text)
    process_init                             0x0000073f   Thumb Code    60  process.o(.text)
    k_context_switch                         0x0000077b   Thumb Code   172  process.o(.text)
    k_release_processor                      0x00000827   Thumb Code    16  process.o(.text)
    sendchar                                 0x00000849   Thumb Code    28  retarget.o(.text)
    getkey                                   0x00000865   Thumb Code    10  retarget.o(.text)
    fputc                                    0x0000086f   Thumb Code    14  retarget.o(.text)
    fgetc                                    0x0000087d   Thumb Code    10  retarget.o(.text)
    ferror                                   0x00000887   Thumb Code     8  retarget.o(.text)
    _ttywrch                                 0x0000088f   Thumb Code    12  retarget.o(.text)
    _sys_exit                                0x0000089b   Thumb Code     4  retarget.o(.text)
    __initialize_processes                   0x000008a1   Thumb Code   234  usr_proc.o(.text)
    null_process                             0x0000098b   Thumb Code    22  usr_proc.o(.text)
    proc1                                    0x000009a1   Thumb Code   120  usr_proc.o(.text)
    proc2                                    0x00000a19   Thumb Code   200  usr_proc.o(.text)
    proc3                                    0x00000ae1   Thumb Code    86  usr_proc.o(.text)
    proc4                                    0x00000b37   Thumb Code    30  usr_proc.o(.text)
    proc5                                    0x00000b55   Thumb Code   710  usr_proc.o(.text)
    proc6                                    0x00000e1b   Thumb Code    50  usr_proc.o(.text)
    insert_pq                                0x00000ec9   Thumb Code    52  pq.o(.text)
    remove_pq                                0x00000efd   Thumb Code    58  pq.o(.text)
    get_process                              0x00000f37   Thumb Code    36  pq.o(.text)
    lookup_pid_pq                            0x00000f5b   Thumb Code    44  pq.o(.text)
    enqueue_q                                0x00000f87   Thumb Code    76  pq.o(.text)
    dequeue_q                                0x00000fd3   Thumb Code    32  pq.o(.text)
    message_init                             0x00000ff5   Thumb Code    16  message.o(.text)
    send_message                             0x00001005   Thumb Code   132  message.o(.text)
    receive_message                          0x00001089   Thumb Code   106  message.o(.text)
    semInit                                  0x00001105   Thumb Code    10  semaphore.o(.text)
    semWait                                  0x0000110f   Thumb Code    50  semaphore.o(.text)
    semSignal                                0x00001141   Thumb Code    40  semaphore.o(.text)
    __printf                                 0x0000116d   Thumb Code   106  __printf.o(.text)
    _printf_int_dec                          0x000011d9   Thumb Code   102  _printf_dec.o(.text)
    __aeabi_memcpy4                          0x00001251   Thumb Code     0  rt_memcpy_w.o(.text)
    __aeabi_memcpy8                          0x00001251   Thumb Code     0  rt_memcpy_w.o(.text)
    __rt_memcpy_w                            0x00001251   Thumb Code   100  rt_memcpy_w.o(.text)
    _memcpy_lastbytes_aligned                0x00001299   Thumb Code     0  rt_memcpy_w.o(.text)
    _printf_int_common                       0x000012b5   Thumb Code   184  _printf_intcommon.o(.text)
    _printf_char_common                      0x00001377   Thumb Code    32  _printf_char_common.o(.text)
    __user_setup_stackheap                   0x0000139d   Thumb Code    74  sys_stackheap_outer.o(.text)
    exit                                     0x000013e7   Thumb Code    12  exit.o(.text)
    __user_libspace                          0x000013f5   Thumb Code     8  libspace.o(.text)
    __user_perproc_libspace                  0x000013f5   Thumb Code     0  libspace.o(.text)
    __user_perthread_libspace                0x000013f5   Thumb Code     0  libspace.o(.text)
    Region$$Table$$Base                      0x00001434   Number         0  anon$$obj.o(Region$$Table)
    Region$$Table$$Limit                     0x00001454   Number         0  anon$$obj.o(Region$$Table)
    SystemFrequency                          0x10000000   Data           4  system_lpc17xx.o(.data)
    current_process                          0x10000010   Data           4  process.o(.data)
    __stdout                                 0x10000014   Data           4  retarget.o(.data)
    __stdin                                  0x10000018   Data           4  retarget.o(.data)
    TEST1                                    0x1000001c   Data           4  usr_proc.o(.data)
    TEST2                                    0x10000020   Data           4  usr_proc.o(.data)
    TEST3                                    0x10000024   Data           4  usr_proc.o(.data)
    TEST4                                    0x10000028   Data           4  usr_proc.o(.data)
    TEST5                                    0x1000002c   Data           4  usr_proc.o(.data)
    TEST6                                    0x10000030   Data           4  usr_proc.o(.data)
    TEST7                                    0x10000034   Data           4  usr_proc.o(.data)
    TESTEND                                  0x10000038   Data           4  usr_proc.o(.data)
    NUM_TESTS_PASSED                         0x1000003c   Data           4  usr_proc.o(.data)
    NUM_TESTS_FAILED                         0x10000040   Data           4  usr_proc.o(.data)
    send                                     0x10000044   Data           8  message.o(.data)
    receive                                  0x1000004c   Data           8  message.o(.data)
    mem_pq                                   0x10000054   Data          16  memory.o(.bss)
    pcb_list                                 0x10000074   Data          28  usr_proc.o(.bss)
    process_list                             0x10000090   Data          84  usr_proc.o(.bss)
    msg_pq                                   0x100000e4   Data          16  message.o(.bss)
    __libspace_start                         0x100000f4   Data          96  libspace.o(.bss)
    __temporary_stack_top$libspace           0x10000154   Data           0  libspace.o(.bss)
    Image$$RW_IRAM1$$ZI$$Limit               0x10000358   Number         0  startup_lpc17xx.o(STACK)



==============================================================================

Memory Map of the image

  Image Entry point : 0x000000cd

  Load Region LR_IROM1 (Base: 0x00000000, Size: 0x000014a8, Max: 0x00080000, ABSOLUTE)

    Execution Region ER_IROM1 (Base: 0x00000000, Size: 0x00001454, Max: 0x00080000, ABSOLUTE)

    Base Addr    Size         Type   Attr      Idx    E Section Name        Object

    0x00000000   0x000000cc   Data   RO            3    RESET               startup_lpc17xx.o
    0x000000cc   0x00000008   Code   RO          342  * !!!main             c_w.l(__main.o)
    0x000000d4   0x00000034   Code   RO          499    !!!scatter          c_w.l(__scatter.o)
    0x00000108   0x0000001a   Code   RO          501    !!handler_copy      c_w.l(__scatter_copy.o)
    0x00000122   0x00000002   PAD
    0x00000124   0x0000001c   Code   RO          503    !!handler_zi        c_w.l(__scatter_zi.o)
    0x00000140   0x00000000   Code   RO          337    .ARM.Collect$$_printf_percent$$00000000  c_w.l(_printf_percent.o)
    0x00000140   0x00000006   Code   RO          336    .ARM.Collect$$_printf_percent$$00000009  c_w.l(_printf_d.o)
    0x00000146   0x00000004   Code   RO          349    .ARM.Collect$$_printf_percent$$00000017  c_w.l(_printf_percent_end.o)
    0x0000014a   0x00000002   Code   RO          378    .ARM.Collect$$libinit$$00000000  c_w.l(libinit.o)
    0x0000014c   0x00000000   Code   RO          385    .ARM.Collect$$libinit$$00000002  c_w.l(libinit2.o)
    0x0000014c   0x00000000   Code   RO          388    .ARM.Collect$$libinit$$00000008  c_w.l(libinit2.o)
    0x0000014c   0x00000000   Code   RO          390    .ARM.Collect$$libinit$$0000000A  c_w.l(libinit2.o)
    0x0000014c   0x00000000   Code   RO          392    .ARM.Collect$$libinit$$0000000C  c_w.l(libinit2.o)
    0x0000014c   0x00000000   Code   RO          395    .ARM.Collect$$libinit$$0000000F  c_w.l(libinit2.o)
    0x0000014c   0x00000000   Code   RO          397    .ARM.Collect$$libinit$$00000011  c_w.l(libinit2.o)
    0x0000014c   0x00000000   Code   RO          399    .ARM.Collect$$libinit$$00000013  c_w.l(libinit2.o)
    0x0000014c   0x00000000   Code   RO          401    .ARM.Collect$$libinit$$00000015  c_w.l(libinit2.o)
    0x0000014c   0x00000000   Code   RO          403    .ARM.Collect$$libinit$$00000017  c_w.l(libinit2.o)
    0x0000014c   0x00000000   Code   RO          405    .ARM.Collect$$libinit$$00000019  c_w.l(libinit2.o)
    0x0000014c   0x00000000   Code   RO          407    .ARM.Collect$$libinit$$0000001B  c_w.l(libinit2.o)
    0x0000014c   0x00000000   Code   RO          409    .ARM.Collect$$libinit$$0000001D  c_w.l(libinit2.o)
    0x0000014c   0x00000000   Code   RO          411    .ARM.Collect$$libinit$$0000001F  c_w.l(libinit2.o)
    0x0000014c   0x00000000   Code   RO          413    .ARM.Collect$$libinit$$00000021  c_w.l(libinit2.o)
    0x0000014c   0x00000000   Code   RO          415    .ARM.Collect$$libinit$$00000023  c_w.l(libinit2.o)
    0x0000014c   0x00000000   Code   RO          419    .ARM.Collect$$libinit$$0000002A  c_w.l(libinit2.o)
    0x0000014c   0x00000000   Code   RO          421    .ARM.Collect$$libinit$$0000002C  c_w.l(libinit2.o)
    0x0000014c   0x00000000   Code   RO          423    .ARM.Collect$$libinit$$0000002E  c_w.l(libinit2.o)
    0x0000014c   0x00000000   Code   RO          425    .ARM.Collect$$libinit$$00000030  c_w.l(libinit2.o)
    0x0000014c   0x00000002   Code   RO          426    .ARM.Collect$$libinit$$00000031  c_w.l(libinit2.o)
    0x0000014e   0x00000002   Code   RO          444    .ARM.Collect$$libshutdown$$00000000  c_w.l(libshutdown.o)
    0x00000150   0x00000000   Code   RO          455    .ARM.Collect$$libshutdown$$00000003  c_w.l(libshutdown2.o)
    0x00000150   0x00000000   Code   RO          458    .ARM.Collect$$libshutdown$$00000006  c_w.l(libshutdown2.o)
    0x00000150   0x00000000   Code   RO          461    .ARM.Collect$$libshutdown$$00000009  c_w.l(libshutdown2.o)
    0x00000150   0x00000000   Code   RO          463    .ARM.Collect$$libshutdown$$0000000B  c_w.l(libshutdown2.o)
    0x00000150   0x00000000   Code   RO          466    .ARM.Collect$$libshutdown$$0000000E  c_w.l(libshutdown2.o)
    0x00000150   0x00000002   Code   RO          467    .ARM.Collect$$libshutdown$$0000000F  c_w.l(libshutdown2.o)
    0x00000152   0x00000000   Code   RO          344    .ARM.Collect$$rtentry$$00000000  c_w.l(rtentry.o)
    0x00000152   0x00000000   Code   RO          351    .ARM.Collect$$rtentry$$00000002  c_w.l(rtentry2.o)
    0x00000152   0x00000006   Code   RO          363    .ARM.Collect$$rtentry$$00000004  c_w.l(rtentry4.o)
    0x00000158   0x00000000   Code   RO          353    .ARM.Collect$$rtentry$$00000009  c_w.l(rtentry2.o)
    0x00000158   0x00000004   Code   RO          354    .ARM.Collect$$rtentry$$0000000A  c_w.l(rtentry2.o)
    0x0000015c   0x00000000   Code   RO          356    .ARM.Collect$$rtentry$$0000000C  c_w.l(rtentry2.o)
    0x0000015c   0x00000008   Code   RO          357    .ARM.Collect$$rtentry$$0000000D  c_w.l(rtentry2.o)
    0x00000164   0x00000002   Code   RO          382    .ARM.Collect$$rtexit$$00000000  c_w.l(rtexit.o)
    0x00000166   0x00000000   Code   RO          428    .ARM.Collect$$rtexit$$00000002  c_w.l(rtexit2.o)
    0x00000166   0x00000004   Code   RO          429    .ARM.Collect$$rtexit$$00000003  c_w.l(rtexit2.o)
    0x0000016a   0x00000006   Code   RO          430    .ARM.Collect$$rtexit$$00000004  c_w.l(rtexit2.o)
    0x00000170   0x0000002a   Code   RO          180    .emb_text           hal.o
    0x0000019a   0x00000002   PAD
    0x0000019c   0x0000003c   Code   RO            5    .text               startup_lpc17xx.o
    0x000001d8   0x000000dc   Code   RO           59    .text               uart_polling.o
    0x000002b4   0x00000002   Code   RO          306    .text               c_w.l(use_no_semi.o)
    0x000002b6   0x00000002   PAD
    0x000002b8   0x00000018   Code   RO          310    .text               c_w.l(noretval__2printf.o)
    0x000002d0   0x00000006   Code   RO          340    .text               c_w.l(heapauxi.o)
    0x000002d6   0x00000002   PAD
    0x000002d8   0x00000024   Code   RO          347    .text               c_w.l(_printf_char_file.o)
    0x000002fc   0x00000004   Code   RO            4    .ARM.__at_0x02FC    startup_lpc17xx.o
    0x00000300   0x0000021c   Code   RO           15    .text               system_lpc17xx.o
    0x0000051c   0x00000088   Code   RO           82    .text               main.o
    0x000005a4   0x000000f0   Code   RO          120    .text               memory.o
    0x00000694   0x000001b4   Code   RO          148    .text               process.o
    0x00000848   0x00000056   Code   RO          187    .text               retarget.o
    0x0000089e   0x00000002   PAD
    0x000008a0   0x00000628   Code   RO          211    .text               usr_proc.o
    0x00000ec8   0x0000012a   Code   RO          239    .text               pq.o
    0x00000ff2   0x00000002   PAD
    0x00000ff4   0x00000110   Code   RO          259    .text               message.o
    0x00001104   0x00000068   Code   RO          286    .text               semaphore.o
    0x0000116c   0x0000006a   Code   RO          312    .text               c_w.l(__printf.o)
    0x000011d6   0x00000002   PAD
    0x000011d8   0x00000078   Code   RO          314    .text               c_w.l(_printf_dec.o)
    0x00001250   0x00000064   Code   RO          338    .text               c_w.l(rt_memcpy_w.o)
    0x000012b4   0x000000b8   Code   RO          345    .text               c_w.l(_printf_intcommon.o)
    0x0000136c   0x00000030   Code   RO          365    .text               c_w.l(_printf_char_common.o)
    0x0000139c   0x0000004a   Code   RO          367    .text               c_w.l(sys_stackheap_outer.o)
    0x000013e6   0x0000000c   Code   RO          371    .text               c_w.l(exit.o)
    0x000013f2   0x00000002   PAD
    0x000013f4   0x00000008   Code   RO          379    .text               c_w.l(libspace.o)
    0x000013fc   0x00000038   Data   RO          213    .constdata          usr_proc.o
    0x00001434   0x00000020   Data   RO          497    Region$$Table       anon$$obj.o


    Execution Region RW_IRAM1 (Base: 0x10000000, Size: 0x00000358, Max: 0x00008000, ABSOLUTE)

    Base Addr    Size         Type   Attr      Idx    E Section Name        Object

    0x10000000   0x00000004   Data   RW           16    .data               system_lpc17xx.o
    0x10000004   0x0000000c   Data   RW          122    .data               memory.o
    0x10000010   0x00000004   Data   RW          150    .data               process.o
    0x10000014   0x00000008   Data   RW          188    .data               retarget.o
    0x1000001c   0x00000028   Data   RW          214    .data               usr_proc.o
    0x10000044   0x00000010   Data   RW          261    .data               message.o
    0x10000054   0x00000010   Zero   RW          121    .bss                memory.o
    0x10000064   0x00000010   Zero   RW          149    .bss                process.o
    0x10000074   0x00000070   Zero   RW          212    .bss                usr_proc.o
    0x100000e4   0x00000010   Zero   RW          260    .bss                message.o
    0x100000f4   0x00000060   Zero   RW          380    .bss                c_w.l(libspace.o)
    0x10000154   0x00000004   PAD
    0x10000158   0x00000000   Zero   RW            2    HEAP                startup_lpc17xx.o
    0x10000158   0x00000200   Zero   RW            1    STACK               startup_lpc17xx.o


==============================================================================

Image component sizes


      Code (inc. data)   RO Data    RW Data    ZI Data      Debug   Object Name

        42          0          0          0          0        296   hal.o
       136         54          0          0          0       3724   main.o
       240         28          0         12         16       1922   memory.o
       272         18          0         16         16       1818   message.o
       298          0          0          0          0       2740   pq.o
       436         18          0          4         16       5413   process.o
        86          0          0          8          0       2986   retarget.o
       104          4          0          0          0       1008   semaphore.o
        64         26        204          0        512        888   startup_lpc17xx.o
       540         64          0          4          0      21507   system_lpc17xx.o
       220         14          0          0          0       1656   uart_polling.o
      1576        498         56         40        112       3558   usr_proc.o

    ----------------------------------------------------------------------
      4020        724        292         84        672      47516   Object Totals
         0          0         32          0          0          0   (incl. Generated)
         6          0          0          0          0          0   (incl. Padding)

    ----------------------------------------------------------------------

      Code (inc. data)   RO Data    RW Data    ZI Data      Debug   Library Member Name

         8          0          0          0          0         68   __main.o
       106          0          0          0          0         84   __printf.o
        52          8          0          0          0          0   __scatter.o
        26          0          0          0          0          0   __scatter_copy.o
        28          0          0          0          0          0   __scatter_zi.o
        48          6          0          0          0         96   _printf_char_common.o
        36          4          0          0          0         80   _printf_char_file.o
         6          0          0          0          0          0   _printf_d.o
       120         18          0          0          0         92   _printf_dec.o
       184          0          0          0          0         88   _printf_intcommon.o
         0          0          0          0          0          0   _printf_percent.o
         4          0          0          0          0          0   _printf_percent_end.o
        12          0          0          0          0         72   exit.o
         6          0          0          0          0        152   heapauxi.o
         2          0          0          0          0          0   libinit.o
         2          0          0          0          0          0   libinit2.o
         2          0          0          0          0          0   libshutdown.o
         2          0          0          0          0          0   libshutdown2.o
         8          4          0          0         96         68   libspace.o
        24          4          0          0          0         84   noretval__2printf.o
       100          0          0          0          0         80   rt_memcpy_w.o
         0          0          0          0          0          0   rtentry.o
        12          0          0          0          0          0   rtentry2.o
         6          0          0          0          0          0   rtentry4.o
         2          0          0          0          0          0   rtexit.o
        10          0          0          0          0          0   rtexit2.o
        74          0          0          0          0         80   sys_stackheap_outer.o
         2          0          0          0          0         68   use_no_semi.o

    ----------------------------------------------------------------------
       892         44          0          0        100       1112   Library Totals
        10          0          0          0          4          0   (incl. Padding)

    ----------------------------------------------------------------------

      Code (inc. data)   RO Data    RW Data    ZI Data      Debug   Library Name

       882         44          0          0         96       1112   c_w.l

    ----------------------------------------------------------------------
       892         44          0          0        100       1112   Library Totals

    ----------------------------------------------------------------------

==============================================================================


      Code (inc. data)   RO Data    RW Data    ZI Data      Debug   

      4912        768        292         84        772      47328   Grand Totals
      4912        768        292         84        772      47328   ELF Image Totals
      4912        768        292         84          0          0   ROM Totals

==============================================================================

    Total RO  Size (Code + RO Data)                 5204 (   5.08kB)
    Total RW  Size (RW Data + ZI Data)               856 (   0.84kB)
    Total ROM Size (Code + RO Data + RW Data)       5288 (   5.16kB)

==============================================================================

